Archive member included because of file (symbol)

.\CortexM0\ARM_GCC_484\Debug\BLE Lab 2-PRoC.a(cyfitter_cfg.o)
                              .\CortexM0\ARM_GCC_484\Debug\Cm0Start.o (cyfitter_cfg)
.\CortexM0\ARM_GCC_484\Debug\BLE Lab 2-PRoC.a(BLE_1.o)
                              .\CortexM0\ARM_GCC_484\Debug\main.o (CyBle_Start)
.\CortexM0\ARM_GCC_484\Debug\BLE Lab 2-PRoC.a(BLE_1_gatt.o)
                              .\CortexM0\ARM_GCC_484\Debug\BLE Lab 2-PRoC.a(BLE_1.o) (cyBle_state)
.\CortexM0\ARM_GCC_484\Debug\BLE Lab 2-PRoC.a(BLE_1_eventHandler.o)
                              .\CortexM0\ARM_GCC_484\Debug\BLE Lab 2-PRoC.a(BLE_1.o) (cyBle_eventHandlerFlag)
.\CortexM0\ARM_GCC_484\Debug\BLE Lab 2-PRoC.a(BLE_1_ias.o)
                              .\CortexM0\ARM_GCC_484\Debug\BLE Lab 2-PRoC.a(BLE_1.o) (CyBle_IasInit)
.\CortexM0\ARM_GCC_484\Debug\BLE Lab 2-PRoC.a(CyLib.o)
                              .\CortexM0\ARM_GCC_484\Debug\BLE Lab 2-PRoC.a(cyfitter_cfg.o) (CyDelayUs)
.\CortexM0\ARM_GCC_484\Debug\BLE Lab 2-PRoC.a(PWM.o)
                              .\CortexM0\ARM_GCC_484\Debug\main.o (PWM_WriteCompare)
.\CortexM0\ARM_GCC_484\Debug\BLE Lab 2-PRoC.a(CyBootAsmGnu.o)
                              .\CortexM0\ARM_GCC_484\Debug\BLE Lab 2-PRoC.a(CyLib.o) (CyDelayCycles)
C:\Program Files (x86)\Cypress\PSoC Creator\3.1\PSoC Creator\psoc\content\cycomponentlibrary\CyComponentLibrary.cylib\BLE_v1_20\Library\gccCyBLEStack_BLE_SOC_PERIPHERAL.a(CyBle.o)
                              .\CortexM0\ARM_GCC_484\Debug\main.o (CyBle_ProcessEvents)
C:\Program Files (x86)\Cypress\PSoC Creator\3.1\PSoC Creator\psoc\content\cycomponentlibrary\CyComponentLibrary.cylib\BLE_v1_20\Library\gccCyBLEStack_BLE_SOC_PERIPHERAL.a(CyBleStackMgrIP_Interface.o)
                              C:\Program Files (x86)\Cypress\PSoC Creator\3.1\PSoC Creator\psoc\content\cycomponentlibrary\CyComponentLibrary.cylib\BLE_v1_20\Library\gccCyBLEStack_BLE_SOC_PERIPHERAL.a(CyBle.o) (CyBleStackMgr_BleGetConfigData)
C:\Program Files (x86)\Cypress\PSoC Creator\3.1\PSoC Creator\psoc\content\cycomponentlibrary\CyComponentLibrary.cylib\BLE_v1_20\Library\gccCyBLEStack_BLE_SOC_PERIPHERAL.a(BT_os.o)
                              C:\Program Files (x86)\Cypress\PSoC Creator\3.1\PSoC Creator\psoc\content\cycomponentlibrary\CyComponentLibrary.cylib\BLE_v1_20\Library\gccCyBLEStack_BLE_SOC_PERIPHERAL.a(CyBleStackMgrIP_Interface.o) (bt_stack_init_os)
C:\Program Files (x86)\Cypress\PSoC Creator\3.1\PSoC Creator\psoc\content\cycomponentlibrary\CyComponentLibrary.cylib\BLE_v1_20\Library\gccCyBLEStack_BLE_SOC_PERIPHERAL.a(CyBleStackMgr_StackTaskHandler.o)
                              C:\Program Files (x86)\Cypress\PSoC Creator\3.1\PSoC Creator\psoc\content\cycomponentlibrary\CyComponentLibrary.cylib\BLE_v1_20\Library\gccCyBLEStack_BLE_SOC_PERIPHERAL.a(CyBleStackMgrIP_Interface.o) (CyBle_CreateBleStackTask)
C:\Program Files (x86)\Cypress\PSoC Creator\3.1\PSoC Creator\psoc\content\cycomponentlibrary\CyComponentLibrary.cylib\BLE_v1_20\Library\gccCyBLEStack_BLE_SOC_PERIPHERAL.a(transport_sf.o)
                              C:\Program Files (x86)\Cypress\PSoC Creator\3.1\PSoC Creator\psoc\content\cycomponentlibrary\CyComponentLibrary.cylib\BLE_v1_20\Library\gccCyBLEStack_BLE_SOC_PERIPHERAL.a(CyBleStackMgr_StackTaskHandler.o) (hci_soft_transport_notify_data_received)
C:\Program Files (x86)\Cypress\PSoC Creator\3.1\PSoC Creator\psoc\content\cycomponentlibrary\CyComponentLibrary.cylib\BLE_v1_20\Library\gccCyBLEStack_BLE_SOC_PERIPHERAL.a(CyBleStackMgr_PSoCHal.o)
                              C:\Program Files (x86)\Cypress\PSoC Creator\3.1\PSoC Creator\psoc\content\cycomponentlibrary\CyComponentLibrary.cylib\BLE_v1_20\Library\gccCyBLEStack_BLE_SOC_PERIPHERAL.a(CyBleStackMgrIP_Interface.o) (CyBleStackMgr_HalInit)
C:\Program Files (x86)\Cypress\PSoC Creator\3.1\PSoC Creator\psoc\content\cycomponentlibrary\CyComponentLibrary.cylib\BLE_v1_20\Library\gccCyBLEStack_BLE_SOC_PERIPHERAL.a(CyBleStackMgr_BleSSDriver.o)
                              C:\Program Files (x86)\Cypress\PSoC Creator\3.1\PSoC Creator\psoc\content\cycomponentlibrary\CyComponentLibrary.cylib\BLE_v1_20\Library\gccCyBLEStack_BLE_SOC_PERIPHERAL.a(CyBleStackMgrIP_Interface.o) (CyBleStackMgr_BleSSInit)
C:\Program Files (x86)\Cypress\PSoC Creator\3.1\PSoC Creator\psoc\content\cycomponentlibrary\CyComponentLibrary.cylib\BLE_v1_20\Library\gccCyBLEStack_BLE_SOC_PERIPHERAL.a(config_bin.o)
                              C:\Program Files (x86)\Cypress\PSoC Creator\3.1\PSoC Creator\psoc\content\cycomponentlibrary\CyComponentLibrary.cylib\BLE_v1_20\Library\gccCyBLEStack_BLE_SOC_PERIPHERAL.a(CyBleStackMgr_PSoCHal.o) (bt_cfg_pdata)
C:\Program Files (x86)\Cypress\PSoC Creator\3.1\PSoC Creator\psoc\content\cycomponentlibrary\CyComponentLibrary.cylib\BLE_v1_20\Library\gccCyBLEStack_BLE_SOC_PERIPHERAL.a(mint_os.o)
[...]
Memory Configuration

Name             Origin             Length             Attributes
rom              0x00000000         0x00020000         xr
ram              0x20000000         0x00004000         xrw
*default*        0x00000000         0xffffffff

Linker script and memory map

LOAD c:/program files (x86)/cypress/psoc creator/3.1/psoc creator/import/gnu_cs/arm/4.8.4/bin/../lib/gcc/arm-none-eabi/4.8.4/armv6-m/crti.o
LOAD c:/program files (x86)/cypress/psoc creator/3.1/psoc creator/import/gnu_cs/arm/4.8.4/bin/../lib/gcc/arm-none-eabi/4.8.4/armv6-m/crtbegin.o
LOAD c:/program files (x86)/cypress/psoc creator/3.1/psoc creator/import/gnu_cs/arm/4.8.4/bin/../lib/gcc/arm-none-eabi/4.8.4/../../../../arm-none-eabi/lib/armv6-m/crt0.o
START GROUP
LOAD .\CortexM0\ARM_GCC_484\Debug\main.o
LOAD .\CortexM0\ARM_GCC_484\Debug\cymetadata.o
LOAD .\CortexM0\ARM_GCC_484\Debug\Cm0Start.o
LOAD .\CortexM0\ARM_GCC_484\Debug\BLE Lab 2-PRoC.a
LOAD C:\Program Files (x86)\Cypress\PSoC Creator\3.1\PSoC Creator\psoc\content\cycomponentlibrary\CyComponentLibrary.cylib\BLE_v1_20\Library\gccCyBLEStack_BLE_SOC_PERIPHERAL.a
LOAD C:\Program Files (x86)\Cypress\PSoC Creator\3.1\PSoC Creator\psoc\content\cycomponentlibrary\CyComponentLibrary.cylib\CortexM0\ARM_GCC_484\Debug\CyComponentLibrary.a
END GROUP
START GROUP
LOAD c:/program files (x86)/cypress/psoc creator/3.1/psoc creator/import/gnu_cs/arm/4.8.4/bin/../lib/gcc/arm-none-eabi/4.8.4/armv6-m\libgcc.a
LOAD c:/program files (x86)/cypress/psoc creator/3.1/psoc creator/import/gnu_cs/arm/4.8.4/bin/../lib/gcc/arm-none-eabi/4.8.4/../../../../arm-none-eabi/lib/armv6-m\libg_s.a
LOAD c:/program files (x86)/cypress/psoc creator/3.1/psoc creator/import/gnu_cs/arm/4.8.4/bin/../lib/gcc/arm-none-eabi/4.8.4/../../../../arm-none-eabi/lib/armv6-m\libc_s.a
END GROUP
START GROUP
LOAD c:/program files (x86)/cypress/psoc creator/3.1/psoc creator/import/gnu_cs/arm/4.8.4/bin/../lib/gcc/arm-none-eabi/4.8.4/armv6-m\libgcc.a
LOAD c:/program files (x86)/cypress/psoc creator/3.1/psoc creator/import/gnu_cs/arm/4.8.4/bin/../lib/gcc/arm-none-eabi/4.8.4/../../../../arm-none-eabi/lib/armv6-m\libc_s.a
END GROUP
LOAD c:/program files (x86)/cypress/psoc creator/3.1/psoc creator/import/gnu_cs/arm/4.8.4/bin/../lib/gcc/arm-none-eabi/4.8.4/armv6-m/crtend.o
LOAD c:/program files (x86)/cypress/psoc creator/3.1/psoc creator/import/gnu_cs/arm/4.8.4/bin/../lib/gcc/arm-none-eabi/4.8.4/armv6-m/crtn.o
START GROUP
LOAD c:/program files (x86)/cypress/psoc creator/3.1/psoc creator/import/gnu_cs/arm/4.8.4/bin/../lib/gcc/arm-none-eabi/4.8.4/armv6-m\libgcc.a
LOAD c:/program files (x86)/cypress/psoc creator/3.1/psoc creator/import/gnu_cs/arm/4.8.4/bin/../lib/gcc/arm-none-eabi/4.8.4/../../../../arm-none-eabi/lib/armv6-m\libc.a
LOAD c:/program files (x86)/cypress/psoc creator/3.1/psoc creator/import/gnu_cs/arm/4.8.4/bin/../lib/gcc/arm-none-eabi/4.8.4/../../../../arm-none-eabi/lib/armv6-m\libnosys.a
END GROUP
                0x00000000                CY_APPL_ORIGIN = 0x0
                0x00000080                CY_FLASH_ROW_SIZE = 0x80
                0x00000001                CY_APPL_NUM = 0x1
                0x00000040                CY_METADATA_SIZE = 0x40
                0x200024b0                PROVIDE (__cy_heap_start, _end)
                0x00000001                PROVIDE (__cy_region_num, ((__cy_regions_end - __cy_regions) / 0x10))
                0x20004000                PROVIDE (__cy_stack, (ORIGIN (ram) + 0x4000))
                0x20003800                PROVIDE (__cy_heap_end, (__cy_stack - 0x800))

.cybootloader   0x00000000        0x0
 *(.cybootloader)
                0x00000000                appl1_start = CY_APPL_ORIGIN?CY_APPL_ORIGIN:ALIGN (CY_FLASH_ROW_SIZE)
                0x0000ff80                appl2_start = (appl1_start + ALIGN ((((0x20000 - appl1_start) - (0x2 * CY_FLASH_ROW_SIZE)) / 0x2), CY_FLASH_ROW_SIZE))
                0x00000000                appl_start = (CY_APPL_NUM == 0x1)?appl1_start:appl2_start

.text           0x00000000     0x1598
 CREATE_OBJECT_SYMBOLS
                0x00000000                PROVIDE (__cy_interrupt_vector, RomVectors)
 *(.romvectors)
 .romvectors    0x00000000       0x10 .\CortexM0\ARM_GCC_484\Debug\Cm0Start.o
                0x00000000                RomVectors
                0x00000001                ASSERT ((. != __cy_interrupt_vector), No interrupt vector)
                0x00000001                ASSERT (CY_APPL_ORIGIN?(SIZEOF (.cybootloader) <= CY_APPL_ORIGIN):0x1, Wrong image location)
                0x00000010                PROVIDE (__cy_reset, Reset)
 *(.text.Reset)
 .text.Reset    0x00000010        0x8 .\CortexM0\ARM_GCC_484\Debug\Cm0Start.o
                0x00000010                Reset
                0x00000001                ASSERT ((. != __cy_reset), No reset code)
 *(.psocinit)
 .psocinit      0x00000018      0x39c .\CortexM0\ARM_GCC_484\Debug\BLE Lab 2-PRoC.a(cyfitter_cfg.o)
                0x000001f0                cyfitter_cfg
                0x000003b4                . = MAX (., 0x100)
 *(.text .text.* .gnu.linkonce.t.*)
 .text          0x000003b4       0x60 c:/program files (x86)/cypress/psoc creator/3.1/psoc creator/import/gnu_cs/arm/4.8.4/bin/../lib/gcc/arm-none-eabi/4.8.4/armv6-m/crtbegin.o
 .text.main     0x00000414       0x28 .\CortexM0\ARM_GCC_484\Debug\main.o
                0x00000414                main
 .text.StackEventHandler
                0x0000043c       0x24 .\CortexM0\ARM_GCC_484\Debug\main.o
                0x0000043c                StackEventHandler
 .text.IasEventHandler
                0x00000460       0x34 .\CortexM0\ARM_GCC_484\Debug\main.o
                0x00000460                IasEventHandler
 .text.HandleAlertLEDs
                0x00000494       0x44 .\CortexM0\ARM_GCC_484\Debug\main.o
                0x00000494                HandleAlertLEDs
 .text.IntDefaultHandler
                0x000004d8        0x8 .\CortexM0\ARM_GCC_484\Debug\Cm0Start.o
                0x000004d8                IntDefaultHandler
 .text.Start_c  0x000004e0       0x98 .\CortexM0\ARM_GCC_484\Debug\Cm0Start.o
                0x000004e0                Start_c
 .text.initialize_psoc
                0x00000578       0x70 .\CortexM0\ARM_GCC_484\Debug\Cm0Start.o
                0x00000578                initialize_psoc
 .text.CYMEMZERO
                0x000005e8       0x20 .\CortexM0\ARM_GCC_484\Debug\BLE Lab 2-PRoC.a(cyfitter_cfg.o)
 .text.cfg_write_bytes32
                0x00000608       0x80 .\CortexM0\ARM_GCC_484\Debug\BLE Lab 2-PRoC.a(cyfitter_cfg.o)
 .text.AnalogSetDefault
                0x00000688       0x28 .\CortexM0\ARM_GCC_484\Debug\BLE Lab 2-PRoC.a(cyfitter_cfg.o)
 .text.CyBle_Init
                0x000006b0       0x2c .\CortexM0\ARM_GCC_484\Debug\BLE Lab 2-PRoC.a(BLE_1.o)
                0x000006b0                CyBle_Init
 .text.CyBle_ServiceInit
                0x000006dc        0xc .\CortexM0\ARM_GCC_484\Debug\BLE Lab 2-PRoC.a(BLE_1.o)
                0x000006dc                CyBle_ServiceInit
 .text.CyBle_Start
                0x000006e8       0x90 .\CortexM0\ARM_GCC_484\Debug\BLE Lab 2-PRoC.a(BLE_1.o)
                0x000006e8                CyBle_Start
 .text.CyBle_GappStartAdvertisement
                0x00000778       0xc4 .\CortexM0\ARM_GCC_484\Debug\BLE Lab 2-PRoC.a(BLE_1.o)
                0x00000778                CyBle_GappStartAdvertisement
 .text.CyBle_ChangeAdDeviceAddress
                0x0000083c       0x60 .\CortexM0\ARM_GCC_484\Debug\BLE Lab 2-PRoC.a(BLE_1.o)
                0x0000083c                CyBle_ChangeAdDeviceAddress
 .text.CyBle_Get16ByPtr
                0x0000089c       0x24 .\CortexM0\ARM_GCC_484\Debug\BLE Lab 2-PRoC.a(BLE_1.o)
                0x0000089c                CyBle_Get16ByPtr
 .text.CyBle_GattsWriteEventHandler
                0x000008c0       0xa0 .\CortexM0\ARM_GCC_484\Debug\BLE Lab 2-PRoC.a(BLE_1_gatt.o)
                0x000008c0                CyBle_GattsWriteEventHandler
 .text.CyBle_WriteReqHandler
                0x00000960       0x70 .\CortexM0\ARM_GCC_484\Debug\BLE Lab 2-PRoC.a(BLE_1_eventHandler.o)
 .text.CyBle_ValueConfirmation
                0x000009d0       0x10 .\CortexM0\ARM_GCC_484\Debug\BLE Lab 2-PRoC.a(BLE_1_eventHandler.o)
 .text.CyBle_GattDisconnectEventHandler
                0x000009e0       0x1c .\CortexM0\ARM_GCC_484\Debug\BLE Lab 2-PRoC.a(BLE_1_eventHandler.o)
 .text.CyBle_TimeOutEventHandler
                0x000009fc       0x10 .\CortexM0\ARM_GCC_484\Debug\BLE Lab 2-PRoC.a(BLE_1_eventHandler.o)
 .text.CyBle_GattConnectReqHandler
                0x00000a0c        0x8 .\CortexM0\ARM_GCC_484\Debug\BLE Lab 2-PRoC.a(BLE_1_eventHandler.o)
 .text.CyBle_IsDeviceAddressValid
                0x00000a14       0x60 .\CortexM0\ARM_GCC_484\Debug\BLE Lab 2-PRoC.a(BLE_1_eventHandler.o)
 .text.CyBle_L2Cap_ConnParamUpdateRspEventHandler
                0x00000a74       0x14 .\CortexM0\ARM_GCC_484\Debug\BLE Lab 2-PRoC.a(BLE_1_eventHandler.o)
 .text.CyBle_GapConnUpdateCompleteEventHandler
                0x00000a88       0x10 .\CortexM0\ARM_GCC_484\Debug\BLE Lab 2-PRoC.a(BLE_1_eventHandler.o)
 .text.CyBle_EventHandler
                0x00000a98      0x2b0 .\CortexM0\ARM_GCC_484\Debug\BLE Lab 2-PRoC.a(BLE_1_eventHandler.o)
                0x00000a98                CyBle_EventHandler
 .text.CyBle_IasInit
                0x00000d48        0x8 .\CortexM0\ARM_GCC_484\Debug\BLE Lab 2-PRoC.a(BLE_1_ias.o)
                0x00000d48                CyBle_IasInit
 .text.CyBle_IasRegisterAttrCallback
                0x00000d50       0x18 .\CortexM0\ARM_GCC_484\Debug\BLE Lab 2-PRoC.a(BLE_1_ias.o)
                0x00000d50                CyBle_IasRegisterAttrCallback
 .text.CyBle_IassDisconnectEventHandler
                0x00000d68       0x38 .\CortexM0\ARM_GCC_484\Debug\BLE Lab 2-PRoC.a(BLE_1_ias.o)
                0x00000d68                CyBle_IassDisconnectEventHandler
 .text.CyBle_IassWriteCmdEventHandler
                0x00000da0       0x90 .\CortexM0\ARM_GCC_484\Debug\BLE Lab 2-PRoC.a(BLE_1_ias.o)
                0x00000da0                CyBle_IassWriteCmdEventHandler
 .text.CyBle_IassGetCharacteristicValue
                0x00000e30       0x78 .\CortexM0\ARM_GCC_484\Debug\BLE Lab 2-PRoC.a(BLE_1_ias.o)
                0x00000e30                CyBle_IassGetCharacteristicValue
 .text.CySysClkWcoSetHighPowerMode
                0x00000ea8       0x3c .\CortexM0\ARM_GCC_484\Debug\BLE Lab 2-PRoC.a(CyLib.o)
 .text.CySysClkWcoSetLowPowerMode
                0x00000ee4       0x48 .\CortexM0\ARM_GCC_484\Debug\BLE Lab 2-PRoC.a(CyLib.o)
 .text.CySysClkEcoStart
                0x00000f2c       0x74 .\CortexM0\ARM_GCC_484\Debug\BLE Lab 2-PRoC.a(CyLib.o)
                0x00000f2c                CySysClkEcoStart
 .text.CySysClkEcoReadStatus
                0x00000fa0       0x18 .\CortexM0\ARM_GCC_484\Debug\BLE Lab 2-PRoC.a(CyLib.o)
                0x00000fa0                CySysClkEcoReadStatus
 .text.CySysClkWcoStart
                0x00000fb8       0x20 .\CortexM0\ARM_GCC_484\Debug\BLE Lab 2-PRoC.a(CyLib.o)
                0x00000fb8                CySysClkWcoStart
 .text.CySysClkWcoSetPowerMode
                0x00000fd8       0x40 .\CortexM0\ARM_GCC_484\Debug\BLE Lab 2-PRoC.a(CyLib.o)
                0x00000fd8                CySysClkWcoSetPowerMode
 .text.CyHalt   0x00001018       0x14 .\CortexM0\ARM_GCC_484\Debug\BLE Lab 2-PRoC.a(CyLib.o)
                0x00001018                CyHalt
 .text.CyDelay  0x0000102c       0x48 .\CortexM0\ARM_GCC_484\Debug\BLE Lab 2-PRoC.a(CyLib.o)
                0x0000102c                CyDelay
 .text.CyDelayUs
                0x00001074       0x28 .\CortexM0\ARM_GCC_484\Debug\BLE Lab 2-PRoC.a(CyLib.o)
                0x00001074                CyDelayUs
 .text.PWM_Init
                0x0000109c       0x58 .\CortexM0\ARM_GCC_484\Debug\BLE Lab 2-PRoC.a(PWM.o)
                0x0000109c                PWM_Init
 .text.PWM_Enable
                0x000010f4       0x38 .\CortexM0\ARM_GCC_484\Debug\BLE Lab 2-PRoC.a(PWM.o)
                0x000010f4                PWM_Enable
 .text.PWM_Start
                0x0000112c       0x24 .\CortexM0\ARM_GCC_484\Debug\BLE Lab 2-PRoC.a(PWM.o)
                0x0000112c                PWM_Start
 .text.PWM_WriteCounter
                0x00001150       0x1c .\CortexM0\ARM_GCC_484\Debug\BLE Lab 2-PRoC.a(PWM.o)
                0x00001150                PWM_WriteCounter
 .text.PWM_WritePeriod
                0x0000116c       0x1c .\CortexM0\ARM_GCC_484\Debug\BLE Lab 2-PRoC.a(PWM.o)
                0x0000116c                PWM_WritePeriod
 .text.PWM_WriteCompare
                0x00001188       0x1c .\CortexM0\ARM_GCC_484\Debug\BLE Lab 2-PRoC.a(PWM.o)
                0x00001188                PWM_WriteCompare
 .text.PWM_TriggerCommand
                0x000011a4       0x3c .\CortexM0\ARM_GCC_484\Debug\BLE Lab 2-PRoC.a(PWM.o)
                0x000011a4                PWM_TriggerCommand
 .text.PWM_SetInterruptMode
                0x000011e0       0x18 .\CortexM0\ARM_GCC_484\Debug\BLE Lab 2-PRoC.a(PWM.o)
                0x000011e0                PWM_SetInterruptMode
 .text          0x000011f8       0x20 .\CortexM0\ARM_GCC_484\Debug\BLE Lab 2-PRoC.a(CyBootAsmGnu.o)
                0x000011f8                CyDelayCycles
                0x0000120a                CyEnterCriticalSection
                0x00001212                CyExitCriticalSection
 .text.CyBLE_Bless_LlRegWrite
                0x00001218       0x1c .\CortexM0\ARM_GCC_484\Debug\BLE Lab 2-PRoC.a(BLE_1_HAL_PVT.o)
                0x00001218                CyBLE_Bless_LlRegWrite
 .text.CyBLE_Bless_RfRegWrite
                0x00001234       0x1c .\CortexM0\ARM_GCC_484\Debug\BLE Lab 2-PRoC.a(BLE_1_HAL_PVT.o)
                0x00001234                CyBLE_Bless_RfRegWrite
 .text.CyBleHal_DelayUs
                0x00001250       0x1c .\CortexM0\ARM_GCC_484\Debug\BLE Lab 2-PRoC.a(BLE_1_HAL_PVT.o)
                0x00001250                CyBleHal_DelayUs
 .text.CyBleHal_EnableGlobalInterrupts
                0x0000126c        0xc .\CortexM0\ARM_GCC_484\Debug\BLE Lab 2-PRoC.a(BLE_1_HAL_PVT.o)
                0x0000126c                CyBleHal_EnableGlobalInterrupts
 .text.CyBleHal_DisableGlobalInterrupts
                0x00001278        0xc .\CortexM0\ARM_GCC_484\Debug\BLE Lab 2-PRoC.a(BLE_1_HAL_PVT.o)
                0x00001278                CyBleHal_DisableGlobalInterrupts
 .text.CyBle_HalInit
                0x00001284       0x20 .\CortexM0\ARM_GCC_484\Debug\BLE Lab 2-PRoC.a(BLE_1_HAL_PVT.o)
                0x00001284                CyBle_HalInit
 .text.CYBLE_BlessStart
                0x000012a4       0x14 .\CortexM0\ARM_GCC_484\Debug\BLE Lab 2-PRoC.a(BLE_1_HAL_PVT.o)
                0x000012a4                CYBLE_BlessStart
 .text.BLE_1_bless_isr_StartEx
                0x000012b8       0x24 .\CortexM0\ARM_GCC_484\Debug\BLE Lab 2-PRoC.a(BLE_1_bless_isr.o)
                0x000012b8                BLE_1_bless_isr_StartEx
 .text.BLE_1_bless_isr_SetVector
                0x000012dc       0x18 .\CortexM0\ARM_GCC_484\Debug\BLE Lab 2-PRoC.a(BLE_1_bless_isr.o)
                0x000012dc                BLE_1_bless_isr_SetVector
 .text.BLE_1_bless_isr_SetPriority
                0x000012f4       0x50 .\CortexM0\ARM_GCC_484\Debug\BLE Lab 2-PRoC.a(BLE_1_bless_isr.o)
                0x000012f4                BLE_1_bless_isr_SetPriority
 .text.BLE_1_bless_isr_Enable
                0x00001344       0x14 .\CortexM0\ARM_GCC_484\Debug\BLE Lab 2-PRoC.a(BLE_1_bless_isr.o)
                0x00001344                BLE_1_bless_isr_Enable
 .text.BLE_1_bless_isr_Disable
                0x00001358       0x14 .\CortexM0\ARM_GCC_484\Debug\BLE Lab 2-PRoC.a(BLE_1_bless_isr.o)
                0x00001358                BLE_1_bless_isr_Disable
 .text.CySysPmSleep
                0x0000136c       0x34 .\CortexM0\ARM_GCC_484\Debug\BLE Lab 2-PRoC.a(cyPm.o)
                0x0000136c                CySysPmSleep
 .text.CyBLE_Bless_Interrupt
                0x000013a0        0xc .\CortexM0\ARM_GCC_484\Debug\BLE Lab 2-PRoC.a(BLE_1_HAL_INT.o)
                0x000013a0                CyBLE_Bless_Interrupt
 .text          0x000013ac       0x9c c:/program files (x86)/cypress/psoc creator/3.1/psoc creator/import/gnu_cs/arm/4.8.4/bin/../lib/gcc/arm-none-eabi/4.8.4/armv6-m\libgcc.a(_udivsi3.o)
                0x000013ac                __aeabi_uidiv
                0x000013ac                __udivsi3
                0x00001434                __aeabi_uidivmod
 .text          0x00001448       0xc0 c:/program files (x86)/cypress/psoc creator/3.1/psoc creator/import/gnu_cs/arm/4.8.4/bin/../lib/gcc/arm-none-eabi/4.8.4/armv6-m\libgcc.a(_divsi3.o)
                0x00001448                __divsi3
                0x00001448                __aeabi_idiv
                0x000014f4                __aeabi_idivmod
 .text          0x00001508        0x4 c:/program files (x86)/cypress/psoc creator/3.1/psoc creator/import/gnu_cs/arm/4.8.4/bin/../lib/gcc/arm-none-eabi/4.8.4/armv6-m\libgcc.a(_dvmd_tls.o)
                0x00001508                __aeabi_idiv0
                0x00001508                __aeabi_ldiv0
 .text.__libc_init_array
                0x0000150c       0x4c c:/program files (x86)/cypress/psoc creator/3.1/psoc creator/import/gnu_cs/arm/4.8.4/bin/../lib/gcc/arm-none-eabi/4.8.4/../../../../arm-none-eabi/lib/armv6-m\libg_s.a(lib_a-init.o)
                0x0000150c                __libc_init_array
 .text.memcmp   0x00001558       0x1e c:/program files (x86)/cypress/psoc creator/3.1/psoc creator/import/gnu_cs/arm/4.8.4/bin/../lib/gcc/arm-none-eabi/4.8.4/../../../../arm-none-eabi/lib/armv6-m\libg_s.a(lib_a-memcmp.o)
                0x00001558                memcmp
 .text.memcpy   0x00001576       0x12 c:/program files (x86)/cypress/psoc creator/3.1/psoc creator/import/gnu_cs/arm/4.8.4/bin/../lib/gcc/arm-none-eabi/4.8.4/../../../../arm-none-eabi/lib/armv6-m\libg_s.a(lib_a-memcpy-stub.o)
                0x00001576                memcpy
 .text.memset   0x00001588       0x10 c:/program files (x86)/cypress/psoc creator/3.1/psoc creator/import/gnu_cs/arm/4.8.4/bin/../lib/gcc/arm-none-eabi/4.8.4/../../../../arm-none-eabi/lib/armv6-m\libg_s.a(lib_a-memset.o)
                0x00001588                memset
 *(.plt)
 *(.gnu.warning)
 *(.glue_7t)
 .glue_7t       0x00000000        0x0 linker stubs
 *(.glue_7)
 .glue_7        0x00000000        0x0 linker stubs
 *(.vfp11_veneer)
 .vfp11_veneer  0x00000000        0x0 linker stubs
 *(.bootloader)
 *(.ARM.extab* .gnu.linkonce.armextab.*)
 *(.gcc_except_table)

.v4_bx          0x00001598        0x0
 .v4_bx         0x00000000        0x0 linker stubs

.iplt           0x00001598        0x0
 .iplt          0x00000000        0x0 c:/program files (x86)/cypress/psoc creator/3.1/psoc creator/import/gnu_cs/arm/4.8.4/bin/../lib/gcc/arm-none-eabi/4.8.4/armv6-m/crtbegin.o

i.CyBle_ExitLPM
                0x00001598        0x8
 i.CyBle_ExitLPM
                0x00001598        0x8 C:\Program Files (x86)\Cypress\PSoC Creator\3.1\PSoC Creator\psoc\content\cycomponentlibrary\CyComponentLibrary.cylib\BLE_v1_20\Library\gccCyBLEStack_BLE_SOC_PERIPHERAL.a(CyBle.o)
                0x00001598                CyBle_ExitLPM

i.CyBle_ProcessEvents
                0x000015a0        0x8
 i.CyBle_ProcessEvents
                0x000015a0        0x8 C:\Program Files (x86)\Cypress\PSoC Creator\3.1\PSoC Creator\psoc\content\cycomponentlibrary\CyComponentLibrary.cylib\BLE_v1_20\Library\gccCyBLEStack_BLE_SOC_PERIPHERAL.a(CyBle.o)
                0x000015a0                CyBle_ProcessEvents

i.CyBle_SetDeviceAddress
                0x000015a8       0x24
 i.CyBle_SetDeviceAddress
                0x000015a8       0x24 C:\Program Files (x86)\Cypress\PSoC Creator\3.1\PSoC Creator\psoc\content\cycomponentlibrary\CyComponentLibrary.cylib\BLE_v1_20\Library\gccCyBLEStack_BLE_SOC_PERIPHERAL.a(CyBle.o)
                0x000015a8                CyBle_SetDeviceAddress

i.CyBle_StackInit
                0x000015cc       0x84
 i.CyBle_StackInit
                0x000015cc       0x84 C:\Program Files (x86)\Cypress\PSoC Creator\3.1\PSoC Creator\psoc\content\cycomponentlibrary\CyComponentLibrary.cylib\BLE_v1_20\Library\gccCyBLEStack_BLE_SOC_PERIPHERAL.a(CyBle.o)
                0x000015cc                CyBle_StackInit

i.CyBleStackMgr_BleGetConfigData
                0x00001650        0x4
 i.CyBleStackMgr_BleGetConfigData
                0x00001650        0x4 C:\Program Files (x86)\Cypress\PSoC Creator\3.1\PSoC Creator\psoc\content\cycomponentlibrary\CyComponentLibrary.cylib\BLE_v1_20\Library\gccCyBLEStack_BLE_SOC_PERIPHERAL.a(CyBleStackMgrIP_Interface.o)
                0x00001650                CyBleStackMgr_BleGetConfigData

i.CyBleStackMgr_BleSetConfigData
                0x00001654        0x4
 i.CyBleStackMgr_BleSetConfigData
                0x00001654        0x4 C:\Program Files (x86)\Cypress\PSoC Creator\3.1\PSoC Creator\psoc\content\cycomponentlibrary\CyComponentLibrary.cylib\BLE_v1_20\Library\gccCyBLEStack_BLE_SOC_PERIPHERAL.a(CyBleStackMgrIP_Interface.o)
                0x00001654                CyBleStackMgr_BleSetConfigData

i.CyBleStackMgr_Init
                0x00001658      0x104
 i.CyBleStackMgr_Init
                0x00001658      0x104 C:\Program Files (x86)\Cypress\PSoC Creator\3.1\PSoC Creator\psoc\content\cycomponentlibrary\CyComponentLibrary.cylib\BLE_v1_20\Library\gccCyBLEStack_BLE_SOC_PERIPHERAL.a(CyBleStackMgrIP_Interface.o)
                0x00001658                CyBleStackMgr_Init

i.CyBleStackMgr_ProcessBleEvents
                0x0000175c       0x14
 i.CyBleStackMgr_ProcessBleEvents
                0x0000175c       0x14 C:\Program Files (x86)\Cypress\PSoC Creator\3.1\PSoC Creator\psoc\content\cycomponentlibrary\CyComponentLibrary.cylib\BLE_v1_20\Library\gccCyBLEStack_BLE_SOC_PERIPHERAL.a(CyBleStackMgrIP_Interface.o)
                0x0000175c                CyBleStackMgr_ProcessBleEvents

i.ble_stack_idle_task_callback
                0x00001770        0x2
 i.ble_stack_idle_task_callback
                0x00001770        0x2 C:\Program Files (x86)\Cypress\PSoC Creator\3.1\PSoC Creator\psoc\content\cycomponentlibrary\CyComponentLibrary.cylib\BLE_v1_20\Library\gccCyBLEStack_BLE_SOC_PERIPHERAL.a(CyBleStackMgrIP_Interface.o)
                0x00001770                ble_stack_idle_task_callback

i.BT_OSFreeBuf  0x00001774       0x18
 i.BT_OSFreeBuf
                0x00001774       0x18 C:\Program Files (x86)\Cypress\PSoC Creator\3.1\PSoC Creator\psoc\content\cycomponentlibrary\CyComponentLibrary.cylib\BLE_v1_20\Library\gccCyBLEStack_BLE_SOC_PERIPHERAL.a(BT_os.o)
                0x00001774                BT_OSFreeBuf

i.BT_OSGetBuF   0x0000178c       0x1c
 i.BT_OSGetBuF  0x0000178c       0x1c C:\Program Files (x86)\Cypress\PSoC Creator\3.1\PSoC Creator\psoc\content\cycomponentlibrary\CyComponentLibrary.cylib\BLE_v1_20\Library\gccCyBLEStack_BLE_SOC_PERIPHERAL.a(BT_os.o)
                0x0000178c                BT_OSGetBuF

i.BT_OSMemCreate
                0x000017a8       0x1c
 i.BT_OSMemCreate
                0x000017a8       0x1c C:\Program Files (x86)\Cypress\PSoC Creator\3.1\PSoC Creator\psoc\content\cycomponentlibrary\CyComponentLibrary.cylib\BLE_v1_20\Library\gccCyBLEStack_BLE_SOC_PERIPHERAL.a(BT_os.o)
                0x000017a8                BT_OSMemCreate

i.BT_alloc_mem_ext
                0x000017c4       0x34
 i.BT_alloc_mem_ext
                0x000017c4       0x34 C:\Program Files (x86)\Cypress\PSoC Creator\3.1\PSoC Creator\psoc\content\cycomponentlibrary\CyComponentLibrary.cylib\BLE_v1_20\Library\gccCyBLEStack_BLE_SOC_PERIPHERAL.a(BT_os.o)
                0x000017c4                BT_alloc_mem_ext

i.BT_free_mem   0x000017f8        0xc
 i.BT_free_mem  0x000017f8        0xc C:\Program Files (x86)\Cypress\PSoC Creator\3.1\PSoC Creator\psoc\content\cycomponentlibrary\CyComponentLibrary.cylib\BLE_v1_20\Library\gccCyBLEStack_BLE_SOC_PERIPHERAL.a(BT_os.o)
                0x000017f8                BT_free_mem

i.bt_stack_init_os
                0x00001804       0x34
 i.bt_stack_init_os
                0x00001804       0x34 C:\Program Files (x86)\Cypress\PSoC Creator\3.1\PSoC Creator\psoc\content\cycomponentlibrary\CyComponentLibrary.cylib\BLE_v1_20\Library\gccCyBLEStack_BLE_SOC_PERIPHERAL.a(BT_os.o)
                0x00001804                bt_stack_init_os

i.CyBle_CheckBleStackTaskStatus
                0x00001838        0x4
 i.CyBle_CheckBleStackTaskStatus
                0x00001838        0x4 C:\Program Files (x86)\Cypress\PSoC Creator\3.1\PSoC Creator\psoc\content\cycomponentlibrary\CyComponentLibrary.cylib\BLE_v1_20\Library\gccCyBLEStack_BLE_SOC_PERIPHERAL.a(CyBleStackMgr_StackTaskHandler.o)
                0x00001838                CyBle_CheckBleStackTaskStatus

i.CyBle_CreateBleStackTask
                0x0000183c       0x2c
 i.CyBle_CreateBleStackTask
                0x0000183c       0x2c C:\Program Files (x86)\Cypress\PSoC Creator\3.1\PSoC Creator\psoc\content\cycomponentlibrary\CyComponentLibrary.cylib\BLE_v1_20\Library\gccCyBLEStack_BLE_SOC_PERIPHERAL.a(CyBleStackMgr_StackTaskHandler.o)
                0x0000183c                CyBle_CreateBleStackTask

i.CyBle_SignalBleStackTask
                0x00001868       0x50
 i.CyBle_SignalBleStackTask
                0x00001868       0x50 C:\Program Files (x86)\Cypress\PSoC Creator\3.1\PSoC Creator\psoc\content\cycomponentlibrary\CyComponentLibrary.cylib\BLE_v1_20\Library\gccCyBLEStack_BLE_SOC_PERIPHERAL.a(CyBleStackMgr_StackTaskHandler.o)
                0x00001868                CyBle_SignalBleStackTask

i.CyBle_StackTaskHandler
                0x000018b8       0x5c
 i.CyBle_StackTaskHandler
                0x000018b8       0x5c C:\Program Files (x86)\Cypress\PSoC Creator\3.1\PSoC Creator\psoc\content\cycomponentlibrary\CyComponentLibrary.cylib\BLE_v1_20\Library\gccCyBLEStack_BLE_SOC_PERIPHERAL.a(CyBleStackMgr_StackTaskHandler.o)
                0x000018b8                CyBle_StackTaskHandler

i.__ARM_common_switch8
                0x00001914       0x1a
 i.__ARM_common_switch8
                0x00001914       0x1a C:\Program Files (x86)\Cypress\PSoC Creator\3.1\PSoC Creator\psoc\content\cycomponentlibrary\CyComponentLibrary.cylib\BLE_v1_20\Library\gccCyBLEStack_BLE_SOC_PERIPHERAL.a(CyBleStackMgr_StackTaskHandler.o)
                0x00001914                __ARM_common_switch8

i.hci_soft_transport_notify_data_received
                0x00001930        0xc
 i.hci_soft_transport_notify_data_received
                0x00001930        0xc C:\Program Files (x86)\Cypress\PSoC Creator\3.1\PSoC Creator\psoc\content\cycomponentlibrary\CyComponentLibrary.cylib\BLE_v1_20\Library\gccCyBLEStack_BLE_SOC_PERIPHERAL.a(transport_sf.o)
                0x00001930                hci_soft_transport_notify_data_received

i.hci_soft_transport_rx_data
                0x0000193c       0x40
 i.hci_soft_transport_rx_data
                0x0000193c       0x40 C:\Program Files (x86)\Cypress\PSoC Creator\3.1\PSoC Creator\psoc\content\cycomponentlibrary\CyComponentLibrary.cylib\BLE_v1_20\Library\gccCyBLEStack_BLE_SOC_PERIPHERAL.a(transport_sf.o)
                0x0000193c                hci_soft_transport_rx_data

i.hci_transport_bt_init
                0x0000197c        0x2
 i.hci_transport_bt_init
                0x0000197c        0x2 C:\Program Files (x86)\Cypress\PSoC Creator\3.1\PSoC Creator\psoc\content\cycomponentlibrary\CyComponentLibrary.cylib\BLE_v1_20\Library\gccCyBLEStack_BLE_SOC_PERIPHERAL.a(transport_sf.o)
                0x0000197c                hci_transport_bt_init

i.hci_transport_init
                0x00001980       0x10
 i.hci_transport_init
                0x00001980       0x10 C:\Program Files (x86)\Cypress\PSoC Creator\3.1\PSoC Creator\psoc\content\cycomponentlibrary\CyComponentLibrary.cylib\BLE_v1_20\Library\gccCyBLEStack_BLE_SOC_PERIPHERAL.a(transport_sf.o)
                0x00001980                hci_transport_init

i.hci_transport_write_data
                0x00001990       0xd4
 i.hci_transport_write_data
                0x00001990       0xd4 C:\Program Files (x86)\Cypress\PSoC Creator\3.1\PSoC Creator\psoc\content\cycomponentlibrary\CyComponentLibrary.cylib\BLE_v1_20\Library\gccCyBLEStack_BLE_SOC_PERIPHERAL.a(transport_sf.o)
                0x00001990                hci_transport_write_data

i.pf_hci_soft_transport_write
                0x00001a64       0x44
 i.pf_hci_soft_transport_write
                0x00001a64       0x44 C:\Program Files (x86)\Cypress\PSoC Creator\3.1\PSoC Creator\psoc\content\cycomponentlibrary\CyComponentLibrary.cylib\BLE_v1_20\Library\gccCyBLEStack_BLE_SOC_PERIPHERAL.a(transport_sf.o)
                0x00001a64                pf_hci_soft_transport_write

i.pf_soft_hci_transport_init
                0x00001aa8        0xc
 i.pf_soft_hci_transport_init
                0x00001aa8        0xc C:\Program Files (x86)\Cypress\PSoC Creator\3.1\PSoC Creator\psoc\content\cycomponentlibrary\CyComponentLibrary.cylib\BLE_v1_20\Library\gccCyBLEStack_BLE_SOC_PERIPHERAL.a(transport_sf.o)
                0x00001aa8                pf_soft_hci_transport_init

i.CyBleStackMgr_GetTime
                0x00001ab4       0x14
 i.CyBleStackMgr_GetTime
                0x00001ab4       0x14 C:\Program Files (x86)\Cypress\PSoC Creator\3.1\PSoC Creator\psoc\content\cycomponentlibrary\CyComponentLibrary.cylib\BLE_v1_20\Library\gccCyBLEStack_BLE_SOC_PERIPHERAL.a(CyBleStackMgr_PSoCHal.o)
                0x00001ab4                CyBleStackMgr_GetTime

i.CyBleStackMgr_HalInit
                0x00001ac8       0x24
 i.CyBleStackMgr_HalInit
                0x00001ac8       0x24 C:\Program Files (x86)\Cypress\PSoC Creator\3.1\PSoC Creator\psoc\content\cycomponentlibrary\CyComponentLibrary.cylib\BLE_v1_20\Library\gccCyBLEStack_BLE_SOC_PERIPHERAL.a(CyBleStackMgr_PSoCHal.o)
                0x00001ac8                CyBleStackMgr_HalInit

i.CyBleStackMgr_HalIntrEnable
                0x00001aec        0x8
 i.CyBleStackMgr_HalIntrEnable
                0x00001aec        0x8 C:\Program Files (x86)\Cypress\PSoC Creator\3.1\PSoC Creator\psoc\content\cycomponentlibrary\CyComponentLibrary.cylib\BLE_v1_20\Library\gccCyBLEStack_BLE_SOC_PERIPHERAL.a(CyBleStackMgr_PSoCHal.o)
                0x00001aec                CyBleStackMgr_HalIntrEnable

i.CyBleStackMgr_HandleLinkLayerTick
                0x00001af4       0x5c
 i.CyBleStackMgr_HandleLinkLayerTick
                0x00001af4       0x5c C:\Program Files (x86)\Cypress\PSoC Creator\3.1\PSoC Creator\psoc\content\cycomponentlibrary\CyComponentLibrary.cylib\BLE_v1_20\Library\gccCyBLEStack_BLE_SOC_PERIPHERAL.a(CyBleStackMgr_PSoCHal.o)
                0x00001af4                CyBleStackMgr_HandleLinkLayerTick

i.CyBleStackMgr_HciPortInit
                0x00001b50        0xc
 i.CyBleStackMgr_HciPortInit
                0x00001b50        0xc C:\Program Files (x86)\Cypress\PSoC Creator\3.1\PSoC Creator\psoc\content\cycomponentlibrary\CyComponentLibrary.cylib\BLE_v1_20\Library\gccCyBLEStack_BLE_SOC_PERIPHERAL.a(CyBleStackMgr_PSoCHal.o)
                0x00001b50                CyBleStackMgr_HciPortInit

i.CyBleStackMgr_HciPortReset
                0x00001b5c        0x2
 i.CyBleStackMgr_HciPortReset
                0x00001b5c        0x2 C:\Program Files (x86)\Cypress\PSoC Creator\3.1\PSoC Creator\psoc\content\cycomponentlibrary\CyComponentLibrary.cylib\BLE_v1_20\Library\gccCyBLEStack_BLE_SOC_PERIPHERAL.a(CyBleStackMgr_PSoCHal.o)
                0x00001b5c                CyBleStackMgr_HciPortReset

i.CyBleStackMgr_HciPortWrite
                0x00001b5e        0x8
 i.CyBleStackMgr_HciPortWrite
                0x00001b5e        0x8 C:\Program Files (x86)\Cypress\PSoC Creator\3.1\PSoC Creator\psoc\content\cycomponentlibrary\CyComponentLibrary.cylib\BLE_v1_20\Library\gccCyBLEStack_BLE_SOC_PERIPHERAL.a(CyBleStackMgr_PSoCHal.o)
                0x00001b5e                CyBleStackMgr_HciPortWrite

i.CyBleStackMgr_ResetLinkLayerTimerEntity
                0x00001b68       0x14
 i.CyBleStackMgr_ResetLinkLayerTimerEntity
                0x00001b68       0x14 C:\Program Files (x86)\Cypress\PSoC Creator\3.1\PSoC Creator\psoc\content\cycomponentlibrary\CyComponentLibrary.cylib\BLE_v1_20\Library\gccCyBLEStack_BLE_SOC_PERIPHERAL.a(CyBleStackMgr_PSoCHal.o)
                0x00001b68                CyBleStackMgr_ResetLinkLayerTimerEntity

i.CyBleStackMgr_TimerStart
                0x00001b7c       0x2c
 i.CyBleStackMgr_TimerStart
                0x00001b7c       0x2c C:\Program Files (x86)\Cypress\PSoC Creator\3.1\PSoC Creator\psoc\content\cycomponentlibrary\CyComponentLibrary.cylib\BLE_v1_20\Library\gccCyBLEStack_BLE_SOC_PERIPHERAL.a(CyBleStackMgr_PSoCHal.o)
                0x00001b7c                CyBleStackMgr_TimerStart

i.CyBleStackMgr_TimerStop
                0x00001ba8       0x18
 i.CyBleStackMgr_TimerStop
                0x00001ba8       0x18 C:\Program Files (x86)\Cypress\PSoC Creator\3.1\PSoC Creator\psoc\content\cycomponentlibrary\CyComponentLibrary.cylib\BLE_v1_20\Library\gccCyBLEStack_BLE_SOC_PERIPHERAL.a(CyBleStackMgr_PSoCHal.o)
                0x00001ba8                CyBleStackMgr_TimerStop

i.CyBleStackMgr_isTimerRunning
                0x00001bc0       0x10
 i.CyBleStackMgr_isTimerRunning
                0x00001bc0       0x10 C:\Program Files (x86)\Cypress\PSoC Creator\3.1\PSoC Creator\psoc\content\cycomponentlibrary\CyComponentLibrary.cylib\BLE_v1_20\Library\gccCyBLEStack_BLE_SOC_PERIPHERAL.a(CyBleStackMgr_PSoCHal.o)
                0x00001bc0                CyBleStackMgr_isTimerRunning

i.CyBleAtlantisRadioInit
                0x00001bd0      0x1ac
 i.CyBleAtlantisRadioInit
                0x00001bd0      0x1ac C:\Program Files (x86)\Cypress\PSoC Creator\3.1\PSoC Creator\psoc\content\cycomponentlibrary\CyComponentLibrary.cylib\BLE_v1_20\Library\gccCyBLEStack_BLE_SOC_PERIPHERAL.a(CyBleStackMgr_BleSSDriver.o)

i.CyBleStackMgr_BleSSFifoRead
                0x00001d7c       0x38
 i.CyBleStackMgr_BleSSFifoRead
                0x00001d7c       0x38 C:\Program Files (x86)\Cypress\PSoC Creator\3.1\PSoC Creator\psoc\content\cycomponentlibrary\CyComponentLibrary.cylib\BLE_v1_20\Library\gccCyBLEStack_BLE_SOC_PERIPHERAL.a(CyBleStackMgr_BleSSDriver.o)
                0x00001d7c                CyBleStackMgr_BleSSFifoRead

i.CyBleStackMgr_BleSSFifoWrite
                0x00001db4       0x30
 i.CyBleStackMgr_BleSSFifoWrite
                0x00001db4       0x30 C:\Program Files (x86)\Cypress\PSoC Creator\3.1\PSoC Creator\psoc\content\cycomponentlibrary\CyComponentLibrary.cylib\BLE_v1_20\Library\gccCyBLEStack_BLE_SOC_PERIPHERAL.a(CyBleStackMgr_BleSSDriver.o)
                0x00001db4                CyBleStackMgr_BleSSFifoWrite

i.CyBleStackMgr_BleSSInit
                0x00001de4       0x50
 i.CyBleStackMgr_BleSSInit
                0x00001de4       0x50 C:\Program Files (x86)\Cypress\PSoC Creator\3.1\PSoC Creator\psoc\content\cycomponentlibrary\CyComponentLibrary.cylib\BLE_v1_20\Library\gccCyBLEStack_BLE_SOC_PERIPHERAL.a(CyBleStackMgr_BleSSDriver.o)
                0x00001de4                CyBleStackMgr_BleSSInit

i.CyBleStackMgr_BleSSMemRead
                0x00001e34       0x26
 i.CyBleStackMgr_BleSSMemRead
                0x00001e34       0x26 C:\Program Files (x86)\Cypress\PSoC Creator\3.1\PSoC Creator\psoc\content\cycomponentlibrary\CyComponentLibrary.cylib\BLE_v1_20\Library\gccCyBLEStack_BLE_SOC_PERIPHERAL.a(CyBleStackMgr_BleSSDriver.o)
                0x00001e34                CyBleStackMgr_BleSSMemRead

i.CyBleStackMgr_BleSSMemWrite
                0x00001e5c       0x34
 i.CyBleStackMgr_BleSSMemWrite
                0x00001e5c       0x34 C:\Program Files (x86)\Cypress\PSoC Creator\3.1\PSoC Creator\psoc\content\cycomponentlibrary\CyComponentLibrary.cylib\BLE_v1_20\Library\gccCyBLEStack_BLE_SOC_PERIPHERAL.a(CyBleStackMgr_BleSSDriver.o)
                0x00001e5c                CyBleStackMgr_BleSSMemWrite

i.CyBleStackMgr_BleSSRegRead
                0x00001e90        0xc
 i.CyBleStackMgr_BleSSRegRead
                0x00001e90        0xc C:\Program Files (x86)\Cypress\PSoC Creator\3.1\PSoC Creator\psoc\content\cycomponentlibrary\CyComponentLibrary.cylib\BLE_v1_20\Library\gccCyBLEStack_BLE_SOC_PERIPHERAL.a(CyBleStackMgr_BleSSDriver.o)
                0x00001e90                CyBleStackMgr_BleSSRegRead

i.CyBleStackMgr_BleSSRegWrite
                0x00001e9c        0xc
 i.CyBleStackMgr_BleSSRegWrite
                0x00001e9c        0xc C:\Program Files (x86)\Cypress\PSoC Creator\3.1\PSoC Creator\psoc\content\cycomponentlibrary\CyComponentLibrary.cylib\BLE_v1_20\Library\gccCyBLEStack_BLE_SOC_PERIPHERAL.a(CyBleStackMgr_BleSSDriver.o)
                0x00001e9c                CyBleStackMgr_BleSSRegWrite

i.CyBleStackMgr_BleSSReset
                0x00001ea8       0x38
 i.CyBleStackMgr_BleSSReset
                0x00001ea8       0x38 C:\Program Files (x86)\Cypress\PSoC Creator\3.1\PSoC Creator\psoc\content\cycomponentlibrary\CyComponentLibrary.cylib\BLE_v1_20\Library\gccCyBLEStack_BLE_SOC_PERIPHERAL.a(CyBleStackMgr_BleSSDriver.o)
                0x00001ea8                CyBleStackMgr_BleSSReset

i.CyBleStackMgr_GenericIface
                0x00001ee0       0x3c
 i.CyBleStackMgr_GenericIface
                0x00001ee0       0x3c C:\Program Files (x86)\Cypress\PSoC Creator\3.1\PSoC Creator\psoc\content\cycomponentlibrary\CyComponentLibrary.cylib\BLE_v1_20\Library\gccCyBLEStack_BLE_SOC_PERIPHERAL.a(CyBleStackMgr_BleSSDriver.o)
                0x00001ee0                CyBleStackMgr_GenericIface

i.CyBleStackMgr_HandleBleSSIntr
                0x00001f1c       0x90
 i.CyBleStackMgr_HandleBleSSIntr
                0x00001f1c       0x90 C:\Program Files (x86)\Cypress\PSoC Creator\3.1\PSoC Creator\psoc\content\cycomponentlibrary\CyComponentLibrary.cylib\BLE_v1_20\Library\gccCyBLEStack_BLE_SOC_PERIPHERAL.a(CyBleStackMgr_BleSSDriver.o)
                0x00001f1c                CyBleStackMgr_HandleBleSSIntr

i.CyBleStackMgr_SetClockParam
                0x00001fac       0xb4
 i.CyBleStackMgr_SetClockParam
                0x00001fac       0xb4 C:\Program Files (x86)\Cypress\PSoC Creator\3.1\PSoC Creator\psoc\content\cycomponentlibrary\CyComponentLibrary.cylib\BLE_v1_20\Library\gccCyBLEStack_BLE_SOC_PERIPHERAL.a(CyBleStackMgr_BleSSDriver.o)

i.CyBle_ExitDsmMode
                0x00002060       0x2c
 i.CyBle_ExitDsmMode
                0x00002060       0x2c C:\Program Files (x86)\Cypress\PSoC Creator\3.1\PSoC Creator\psoc\content\cycomponentlibrary\CyComponentLibrary.cylib\BLE_v1_20\Library\gccCyBLEStack_BLE_SOC_PERIPHERAL.a(CyBleStackMgr_BleSSDriver.o)
                0x00002060                CyBle_ExitDsmMode

i.CyBle_GetBleSsOperationalMode
                0x0000208c        0xc
 i.CyBle_GetBleSsOperationalMode
                0x0000208c        0xc C:\Program Files (x86)\Cypress\PSoC Creator\3.1\PSoC Creator\psoc\content\cycomponentlibrary\CyComponentLibrary.cylib\BLE_v1_20\Library\gccCyBLEStack_BLE_SOC_PERIPHERAL.a(CyBleStackMgr_BleSSDriver.o)
                0x0000208c                CyBle_GetBleSsOperationalMode

i.CyBle_GetLpMode
                0x00002098       0x26
 i.CyBle_GetLpMode
                0x00002098       0x26 C:\Program Files (x86)\Cypress\PSoC Creator\3.1\PSoC Creator\psoc\content\cycomponentlibrary\CyComponentLibrary.cylib\BLE_v1_20\Library\gccCyBLEStack_BLE_SOC_PERIPHERAL.a(CyBleStackMgr_BleSSDriver.o)
                0x00002098                CyBle_GetLpMode

i.CyBle_GetTxGainMode
                0x000020c0       0x2c
 i.CyBle_GetTxGainMode
                0x000020c0       0x2c C:\Program Files (x86)\Cypress\PSoC Creator\3.1\PSoC Creator\psoc\content\cycomponentlibrary\CyComponentLibrary.cylib\BLE_v1_20\Library\gccCyBLEStack_BLE_SOC_PERIPHERAL.a(CyBleStackMgr_BleSSDriver.o)
                0x000020c0                CyBle_GetTxGainMode

i.CyBle_SetBleSsOperationalMode
                0x000020ec       0x20
 i.CyBle_SetBleSsOperationalMode
                0x000020ec       0x20 C:\Program Files (x86)\Cypress\PSoC Creator\3.1\PSoC Creator\psoc\content\cycomponentlibrary\CyComponentLibrary.cylib\BLE_v1_20\Library\gccCyBLEStack_BLE_SOC_PERIPHERAL.a(CyBleStackMgr_BleSSDriver.o)
                0x000020ec                CyBle_SetBleSsOperationalMode

i.CyBle_SetEventCloseState
                0x0000210c        0xc
 i.CyBle_SetEventCloseState
                0x0000210c        0xc C:\Program Files (x86)\Cypress\PSoC Creator\3.1\PSoC Creator\psoc\content\cycomponentlibrary\CyComponentLibrary.cylib\BLE_v1_20\Library\gccCyBLEStack_BLE_SOC_PERIPHERAL.a(CyBleStackMgr_BleSSDriver.o)
                0x0000210c                CyBle_SetEventCloseState

i.CyBle_SetRxGainMode
                0x00002118       0x20
 i.CyBle_SetRxGainMode
                0x00002118       0x20 C:\Program Files (x86)\Cypress\PSoC Creator\3.1\PSoC Creator\psoc\content\cycomponentlibrary\CyComponentLibrary.cylib\BLE_v1_20\Library\gccCyBLEStack_BLE_SOC_PERIPHERAL.a(CyBleStackMgr_BleSSDriver.o)
                0x00002118                CyBle_SetRxGainMode

i.CyBle_SetTxGainMode
                0x00002138       0x38
 i.CyBle_SetTxGainMode
                0x00002138       0x38 C:\Program Files (x86)\Cypress\PSoC Creator\3.1\PSoC Creator\psoc\content\cycomponentlibrary\CyComponentLibrary.cylib\BLE_v1_20\Library\gccCyBLEStack_BLE_SOC_PERIPHERAL.a(CyBleStackMgr_BleSSDriver.o)
                0x00002138                CyBle_SetTxGainMode

i.pf_rf_get_abs_rssi
                0x00002170       0x24
 i.pf_rf_get_abs_rssi
                0x00002170       0x24 C:\Program Files (x86)\Cypress\PSoC Creator\3.1\PSoC Creator\psoc\content\cycomponentlibrary\CyComponentLibrary.cylib\BLE_v1_20\Library\gccCyBLEStack_BLE_SOC_PERIPHERAL.a(CyBleStackMgr_BleSSDriver.o)
                0x00002170                pf_rf_get_abs_rssi

i.OS_init       0x00002194       0x64
 i.OS_init      0x00002194       0x64 C:\Program Files (x86)\Cypress\PSoC Creator\3.1\PSoC Creator\psoc\content\cycomponentlibrary\CyComponentLibrary.cylib\BLE_v1_20\Library\gccCyBLEStack_BLE_SOC_PERIPHERAL.a(mint_os.o)
                0x00002194                OS_init

i.mintos_malloc
                0x000021f8       0x34
 i.mintos_malloc
                0x000021f8       0x34 C:\Program Files (x86)\Cypress\PSoC Creator\3.1\PSoC Creator\psoc\content\cycomponentlibrary\CyComponentLibrary.cylib\BLE_v1_20\Library\gccCyBLEStack_BLE_SOC_PERIPHERAL.a(mint_os.o)
                0x000021f8                mintos_malloc

i.OS_create_queue
                0x0000222c       0x64
 i.OS_create_queue
                0x0000222c       0x64 C:\Program Files (x86)\Cypress\PSoC Creator\3.1\PSoC Creator\psoc\content\cycomponentlibrary\CyComponentLibrary.cylib\BLE_v1_20\Library\gccCyBLEStack_BLE_SOC_PERIPHERAL.a(mint_os_queue.o)
                0x0000222c                OS_create_queue

i.OS_enqueue_item
                0x00002290       0x8c
 i.OS_enqueue_item
                0x00002290       0x8c C:\Program Files (x86)\Cypress\PSoC Creator\3.1\PSoC Creator\psoc\content\cycomponentlibrary\CyComponentLibrary.cylib\BLE_v1_20\Library\gccCyBLEStack_BLE_SOC_PERIPHERAL.a(mint_os_queue.o)
                0x00002290                OS_enqueue_item

i.OS_queue_get_num_of_items
                0x0000231c       0x28
 i.OS_queue_get_num_of_items
                0x0000231c       0x28 C:\Program Files (x86)\Cypress\PSoC Creator\3.1\PSoC Creator\psoc\content\cycomponentlibrary\CyComponentLibrary.cylib\BLE_v1_20\Library\gccCyBLEStack_BLE_SOC_PERIPHERAL.a(mint_os_queue.o)
                0x0000231c                OS_queue_get_num_of_items

i.OS_queue_mgmt_init
                0x00002344       0x40
 i.OS_queue_mgmt_init
                0x00002344       0x40 C:\Program Files (x86)\Cypress\PSoC Creator\3.1\PSoC Creator\psoc\content\cycomponentlibrary\CyComponentLibrary.cylib\BLE_v1_20\Library\gccCyBLEStack_BLE_SOC_PERIPHERAL.a(mint_os_queue.o)
                0x00002344                OS_queue_mgmt_init

i.OS_remove_item
                0x00002384       0xa0
 i.OS_remove_item
                0x00002384       0xa0 C:\Program Files (x86)\Cypress\PSoC Creator\3.1\PSoC Creator\psoc\content\cycomponentlibrary\CyComponentLibrary.cylib\BLE_v1_20\Library\gccCyBLEStack_BLE_SOC_PERIPHERAL.a(mint_os_queue.o)
                0x00002384                OS_remove_item

i.OS_create_task
                0x00002424       0x88
 i.OS_create_task
                0x00002424       0x88 C:\Program Files (x86)\Cypress\PSoC Creator\3.1\PSoC Creator\psoc\content\cycomponentlibrary\CyComponentLibrary.cylib\BLE_v1_20\Library\gccCyBLEStack_BLE_SOC_PERIPHERAL.a(mint_os_task.o)
                0x00002424                OS_create_task

i.OS_isr_send_signal_to_task
                0x000024ac        0xc
 i.OS_isr_send_signal_to_task
                0x000024ac        0xc C:\Program Files (x86)\Cypress\PSoC Creator\3.1\PSoC Creator\psoc\content\cycomponentlibrary\CyComponentLibrary.cylib\BLE_v1_20\Library\gccCyBLEStack_BLE_SOC_PERIPHERAL.a(mint_os_task.o)
                0x000024ac                OS_isr_send_signal_to_task

i.OS_scheduler  0x000024b8       0x64
 i.OS_scheduler
                0x000024b8       0x64 C:\Program Files (x86)\Cypress\PSoC Creator\3.1\PSoC Creator\psoc\content\cycomponentlibrary\CyComponentLibrary.cylib\BLE_v1_20\Library\gccCyBLEStack_BLE_SOC_PERIPHERAL.a(mint_os_task.o)
                0x000024b8                OS_scheduler

i.OS_send_signal_to_task
                0x0000251c        0xc
 i.OS_send_signal_to_task
                0x0000251c        0xc C:\Program Files (x86)\Cypress\PSoC Creator\3.1\PSoC Creator\psoc\content\cycomponentlibrary\CyComponentLibrary.cylib\BLE_v1_20\Library\gccCyBLEStack_BLE_SOC_PERIPHERAL.a(mint_os_task.o)
                0x0000251c                OS_send_signal_to_task

i.OS_send_signal_to_task_context
                0x00002528       0x3c
 i.OS_send_signal_to_task_context
                0x00002528       0x3c C:\Program Files (x86)\Cypress\PSoC Creator\3.1\PSoC Creator\psoc\content\cycomponentlibrary\CyComponentLibrary.cylib\BLE_v1_20\Library\gccCyBLEStack_BLE_SOC_PERIPHERAL.a(mint_os_task.o)

i.OS_task_mgmt_init
                0x00002564       0x50
 i.OS_task_mgmt_init
                0x00002564       0x50 C:\Program Files (x86)\Cypress\PSoC Creator\3.1\PSoC Creator\psoc\content\cycomponentlibrary\CyComponentLibrary.cylib\BLE_v1_20\Library\gccCyBLEStack_BLE_SOC_PERIPHERAL.a(mint_os_task.o)
                0x00002564                OS_task_mgmt_init

i.mint_buf_mgmt_allocate_buffer
                0x000025b4       0x4c
 i.mint_buf_mgmt_allocate_buffer
                0x000025b4       0x4c C:\Program Files (x86)\Cypress\PSoC Creator\3.1\PSoC Creator\psoc\content\cycomponentlibrary\CyComponentLibrary.cylib\BLE_v1_20\Library\gccCyBLEStack_BLE_SOC_PERIPHERAL.a(mint_buf_mgmt.o)
                0x000025b4                mint_buf_mgmt_allocate_buffer

i.mint_buf_mgmt_create_pool
                0x00002600       0xd8
 i.mint_buf_mgmt_create_pool
                0x00002600       0xd8 C:\Program Files (x86)\Cypress\PSoC Creator\3.1\PSoC Creator\psoc\content\cycomponentlibrary\CyComponentLibrary.cylib\BLE_v1_20\Library\gccCyBLEStack_BLE_SOC_PERIPHERAL.a(mint_buf_mgmt.o)
                0x00002600                mint_buf_mgmt_create_pool

i.mint_buf_mgmt_free_buffer
                0x000026d8       0xa4
 i.mint_buf_mgmt_free_buffer
                0x000026d8       0xa4 C:\Program Files (x86)\Cypress\PSoC Creator\3.1\PSoC Creator\psoc\content\cycomponentlibrary\CyComponentLibrary.cylib\BLE_v1_20\Library\gccCyBLEStack_BLE_SOC_PERIPHERAL.a(mint_buf_mgmt.o)
                0x000026d8                mint_buf_mgmt_free_buffer

i.mint_buf_mgmt_get_free_heap
                0x0000277c       0x1c
 i.mint_buf_mgmt_get_free_heap
                0x0000277c       0x1c C:\Program Files (x86)\Cypress\PSoC Creator\3.1\PSoC Creator\psoc\content\cycomponentlibrary\CyComponentLibrary.cylib\BLE_v1_20\Library\gccCyBLEStack_BLE_SOC_PERIPHERAL.a(mint_buf_mgmt.o)
                0x0000277c                mint_buf_mgmt_get_free_heap

i.mint_buf_mgmt_init
                0x00002798       0x44
 i.mint_buf_mgmt_init
                0x00002798       0x44 C:\Program Files (x86)\Cypress\PSoC Creator\3.1\PSoC Creator\psoc\content\cycomponentlibrary\CyComponentLibrary.cylib\BLE_v1_20\Library\gccCyBLEStack_BLE_SOC_PERIPHERAL.a(mint_buf_mgmt.o)
                0x00002798                mint_buf_mgmt_init

i.mint_buf_mgmt_malloc
                0x000027dc       0x2c
 i.mint_buf_mgmt_malloc
                0x000027dc       0x2c C:\Program Files (x86)\Cypress\PSoC Creator\3.1\PSoC Creator\psoc\content\cycomponentlibrary\CyComponentLibrary.cylib\BLE_v1_20\Library\gccCyBLEStack_BLE_SOC_PERIPHERAL.a(mint_buf_mgmt.o)
                0x000027dc                mint_buf_mgmt_malloc

i.mint_buf_mgmt_reset_pool
                0x00002808       0x70
 i.mint_buf_mgmt_reset_pool
                0x00002808       0x70 C:\Program Files (x86)\Cypress\PSoC Creator\3.1\PSoC Creator\psoc\content\cycomponentlibrary\CyComponentLibrary.cylib\BLE_v1_20\Library\gccCyBLEStack_BLE_SOC_PERIPHERAL.a(mint_buf_mgmt.o)
                0x00002808                mint_buf_mgmt_reset_pool

i.mint_buf_mgmt_stack_init
                0x00002878       0x24
 i.mint_buf_mgmt_stack_init
                0x00002878       0x24 C:\Program Files (x86)\Cypress\PSoC Creator\3.1\PSoC Creator\psoc\content\cycomponentlibrary\CyComponentLibrary.cylib\BLE_v1_20\Library\gccCyBLEStack_BLE_SOC_PERIPHERAL.a(mint_buf_mgmt.o)
                0x00002878                mint_buf_mgmt_stack_init

i.mint_buf_mgmt_stack_pop
                0x0000289c       0x36
 i.mint_buf_mgmt_stack_pop
                0x0000289c       0x36 C:\Program Files (x86)\Cypress\PSoC Creator\3.1\PSoC Creator\psoc\content\cycomponentlibrary\CyComponentLibrary.cylib\BLE_v1_20\Library\gccCyBLEStack_BLE_SOC_PERIPHERAL.a(mint_buf_mgmt.o)
                0x0000289c                mint_buf_mgmt_stack_pop

i.mint_buf_mgmt_stack_push
                0x000028d2       0x36
 i.mint_buf_mgmt_stack_push
                0x000028d2       0x36 C:\Program Files (x86)\Cypress\PSoC Creator\3.1\PSoC Creator\psoc\content\cycomponentlibrary\CyComponentLibrary.cylib\BLE_v1_20\Library\gccCyBLEStack_BLE_SOC_PERIPHERAL.a(mint_buf_mgmt.o)
                0x000028d2                mint_buf_mgmt_stack_push

i.mint_buf_mgmt_stack_reset
                0x00002908       0x1e
 i.mint_buf_mgmt_stack_reset
                0x00002908       0x1e C:\Program Files (x86)\Cypress\PSoC Creator\3.1\PSoC Creator\psoc\content\cycomponentlibrary\CyComponentLibrary.cylib\BLE_v1_20\Library\gccCyBLEStack_BLE_SOC_PERIPHERAL.a(mint_buf_mgmt.o)
                0x00002908                mint_buf_mgmt_stack_reset

i.mint_buf_mgmt_stack_search_item
                0x00002926       0x30
 i.mint_buf_mgmt_stack_search_item
                0x00002926       0x30 C:\Program Files (x86)\Cypress\PSoC Creator\3.1\PSoC Creator\psoc\content\cycomponentlibrary\CyComponentLibrary.cylib\BLE_v1_20\Library\gccCyBLEStack_BLE_SOC_PERIPHERAL.a(mint_buf_mgmt.o)
                0x00002926                mint_buf_mgmt_stack_search_item

i.mint_buf_mgmt_pl_init
                0x00002958       0x2c
 i.mint_buf_mgmt_pl_init
                0x00002958       0x2c C:\Program Files (x86)\Cypress\PSoC Creator\3.1\PSoC Creator\psoc\content\cycomponentlibrary\CyComponentLibrary.cylib\BLE_v1_20\Library\gccCyBLEStack_BLE_SOC_PERIPHERAL.a(mint_buf_mgmt_pl.o)
                0x00002958                mint_buf_mgmt_pl_init

i.CyBleControllerIP_GetPingState
                0x00002984        0xc
 i.CyBleControllerIP_GetPingState
                0x00002984        0xc C:\Program Files (x86)\Cypress\PSoC Creator\3.1\PSoC Creator\psoc\content\cycomponentlibrary\CyComponentLibrary.cylib\BLE_v1_20\Library\gccCyBLEStack_BLE_SOC_PERIPHERAL.a(CyBleControllerIP_Interface.o)
                0x00002984                CyBleControllerIP_GetPingState

i.CyBleController_AddDeviceToWhiteList
                0x00002990       0x40
 i.CyBleController_AddDeviceToWhiteList
                0x00002990       0x40 C:\Program Files (x86)\Cypress\PSoC Creator\3.1\PSoC Creator\psoc\content\cycomponentlibrary\CyComponentLibrary.cylib\BLE_v1_20\Library\gccCyBLEStack_BLE_SOC_PERIPHERAL.a(CyBleControllerIP_Interface.o)
                0x00002990                CyBleController_AddDeviceToWhiteList

i.CyBleController_ExitLowPowerMode
                0x000029d0       0x10
 i.CyBleController_ExitLowPowerMode
                0x000029d0       0x10 C:\Program Files (x86)\Cypress\PSoC Creator\3.1\PSoC Creator\psoc\content\cycomponentlibrary\CyComponentLibrary.cylib\BLE_v1_20\Library\gccCyBLEStack_BLE_SOC_PERIPHERAL.a(CyBleControllerIP_Interface.o)
                0x000029d0                CyBleController_ExitLowPowerMode

i.CyBleController_Init
                0x000029e0       0x3c
 i.CyBleController_Init
                0x000029e0       0x3c C:\Program Files (x86)\Cypress\PSoC Creator\3.1\PSoC Creator\psoc\content\cycomponentlibrary\CyComponentLibrary.cylib\BLE_v1_20\Library\gccCyBLEStack_BLE_SOC_PERIPHERAL.a(CyBleControllerIP_Interface.o)
                0x000029e0                CyBleController_Init

i.CyBleController_SetDeviceAddress
                0x00002a1c       0x2e
 i.CyBleController_SetDeviceAddress
                0x00002a1c       0x2e C:\Program Files (x86)\Cypress\PSoC Creator\3.1\PSoC Creator\psoc\content\cycomponentlibrary\CyComponentLibrary.cylib\BLE_v1_20\Library\gccCyBLEStack_BLE_SOC_PERIPHERAL.a(CyBleControllerIP_Interface.o)
                0x00002a1c                CyBleController_SetDeviceAddress

i.CyBle_GetTxPowerLevel
                0x00002a4a       0x4e
 i.CyBle_GetTxPowerLevel
                0x00002a4a       0x4e C:\Program Files (x86)\Cypress\PSoC Creator\3.1\PSoC Creator\psoc\content\cycomponentlibrary\CyComponentLibrary.cylib\BLE_v1_20\Library\gccCyBLEStack_BLE_SOC_PERIPHERAL.a(CyBleControllerIP_Interface.o)
                0x00002a4a                CyBle_GetTxPowerLevel

i.CyBle_SetTxPowerLevel
                0x00002a98       0x56
 i.CyBle_SetTxPowerLevel
                0x00002a98       0x56 C:\Program Files (x86)\Cypress\PSoC Creator\3.1\PSoC Creator\psoc\content\cycomponentlibrary\CyComponentLibrary.cylib\BLE_v1_20\Library\gccCyBLEStack_BLE_SOC_PERIPHERAL.a(CyBleControllerIP_Interface.o)
                0x00002a98                CyBle_SetTxPowerLevel

i.ll_check_and_mark_packet_ready_for_transmission
                0x00002af0       0x28
 i.ll_check_and_mark_packet_ready_for_transmission
                0x00002af0       0x28 C:\Program Files (x86)\Cypress\PSoC Creator\3.1\PSoC Creator\psoc\content\cycomponentlibrary\CyComponentLibrary.cylib\BLE_v1_20\Library\gccCyBLEStack_BLE_SOC_PERIPHERAL.a(ll.o)
                0x00002af0                ll_check_and_mark_packet_ready_for_transmission

i.ll_cleanup_pending_data_pdu
                0x00002b18       0x38
 i.ll_cleanup_pending_data_pdu
                0x00002b18       0x38 C:\Program Files (x86)\Cypress\PSoC Creator\3.1\PSoC Creator\psoc\content\cycomponentlibrary\CyComponentLibrary.cylib\BLE_v1_20\Library\gccCyBLEStack_BLE_SOC_PERIPHERAL.a(ll.o)
                0x00002b18                ll_cleanup_pending_data_pdu

i.ll_exit_low_power_mode
                0x00002b50       0xac
 i.ll_exit_low_power_mode
                0x00002b50       0xac C:\Program Files (x86)\Cypress\PSoC Creator\3.1\PSoC Creator\psoc\content\cycomponentlibrary\CyComponentLibrary.cylib\BLE_v1_20\Library\gccCyBLEStack_BLE_SOC_PERIPHERAL.a(ll.o)
                0x00002b50                ll_exit_low_power_mode

i.ll_get_ack_status
                0x00002bfc       0x3c
 i.ll_get_ack_status
                0x00002bfc       0x3c C:\Program Files (x86)\Cypress\PSoC Creator\3.1\PSoC Creator\psoc\content\cycomponentlibrary\CyComponentLibrary.cylib\BLE_v1_20\Library\gccCyBLEStack_BLE_SOC_PERIPHERAL.a(ll.o)
                0x00002bfc                ll_get_ack_status

i.ll_get_adv_ch_tx_power
                0x00002c38       0x20
 i.ll_get_adv_ch_tx_power
                0x00002c38       0x20 C:\Program Files (x86)\Cypress\PSoC Creator\3.1\PSoC Creator\psoc\content\cycomponentlibrary\CyComponentLibrary.cylib\BLE_v1_20\Library\gccCyBLEStack_BLE_SOC_PERIPHERAL.a(ll.o)
                0x00002c38                ll_get_adv_ch_tx_power

i.ll_get_data_channel_map
                0x00002c58       0x24
 i.ll_get_data_channel_map
                0x00002c58       0x24 C:\Program Files (x86)\Cypress\PSoC Creator\3.1\PSoC Creator\psoc\content\cycomponentlibrary\CyComponentLibrary.cylib\BLE_v1_20\Library\gccCyBLEStack_BLE_SOC_PERIPHERAL.a(ll.o)
                0x00002c58                ll_get_data_channel_map

i.ll_get_max_white_list_size
                0x00002c7c        0xc
 i.ll_get_max_white_list_size
                0x00002c7c        0xc C:\Program Files (x86)\Cypress\PSoC Creator\3.1\PSoC Creator\psoc\content\cycomponentlibrary\CyComponentLibrary.cylib\BLE_v1_20\Library\gccCyBLEStack_BLE_SOC_PERIPHERAL.a(ll.o)
                0x00002c7c                ll_get_max_white_list_size

i.ll_get_my_role
                0x00002c88        0xc
 i.ll_get_my_role
                0x00002c88        0xc C:\Program Files (x86)\Cypress\PSoC Creator\3.1\PSoC Creator\psoc\content\cycomponentlibrary\CyComponentLibrary.cylib\BLE_v1_20\Library\gccCyBLEStack_BLE_SOC_PERIPHERAL.a(ll.o)
                0x00002c88                ll_get_my_role

i.ll_get_next_available_fifo_for_data_pdu
                0x00002c94        0x8
 i.ll_get_next_available_fifo_for_data_pdu
                0x00002c94        0x8 C:\Program Files (x86)\Cypress\PSoC Creator\3.1\PSoC Creator\psoc\content\cycomponentlibrary\CyComponentLibrary.cylib\BLE_v1_20\Library\gccCyBLEStack_BLE_SOC_PERIPHERAL.a(ll.o)
                0x00002c94                ll_get_next_available_fifo_for_data_pdu

i.ll_get_next_available_fifo_for_ll_pdu
                0x00002c9c       0x24
 i.ll_get_next_available_fifo_for_ll_pdu
                0x00002c9c       0x24 C:\Program Files (x86)\Cypress\PSoC Creator\3.1\PSoC Creator\psoc\content\cycomponentlibrary\CyComponentLibrary.cylib\BLE_v1_20\Library\gccCyBLEStack_BLE_SOC_PERIPHERAL.a(ll.o)
                0x00002c9c                ll_get_next_available_fifo_for_ll_pdu

i.ll_get_rssi_value
                0x00002cc0       0x26
 i.ll_get_rssi_value
                0x00002cc0       0x26 C:\Program Files (x86)\Cypress\PSoC Creator\3.1\PSoC Creator\psoc\content\cycomponentlibrary\CyComponentLibrary.cylib\BLE_v1_20\Library\gccCyBLEStack_BLE_SOC_PERIPHERAL.a(ll.o)
                0x00002cc0                ll_get_rssi_value

i.ll_get_transmit_power_level
                0x00002ce8       0x2c
 i.ll_get_transmit_power_level
                0x00002ce8       0x2c C:\Program Files (x86)\Cypress\PSoC Creator\3.1\PSoC Creator\psoc\content\cycomponentlibrary\CyComponentLibrary.cylib\BLE_v1_20\Library\gccCyBLEStack_BLE_SOC_PERIPHERAL.a(ll.o)
                0x00002ce8                ll_get_transmit_power_level

i.ll_handle_ack_received
                0x00002d14       0x74
 i.ll_handle_ack_received
                0x00002d14       0x74 C:\Program Files (x86)\Cypress\PSoC Creator\3.1\PSoC Creator\psoc\content\cycomponentlibrary\CyComponentLibrary.cylib\BLE_v1_20\Library\gccCyBLEStack_BLE_SOC_PERIPHERAL.a(ll.o)
                0x00002d14                ll_handle_ack_received

i.ll_handle_add_device_in_whitelist
                0x00002d88       0x3a
 i.ll_handle_add_device_in_whitelist
                0x00002d88       0x3a C:\Program Files (x86)\Cypress\PSoC Creator\3.1\PSoC Creator\psoc\content\cycomponentlibrary\CyComponentLibrary.cylib\BLE_v1_20\Library\gccCyBLEStack_BLE_SOC_PERIPHERAL.a(ll.o)
                0x00002d88                ll_handle_add_device_in_whitelist

i.ll_handle_clear_whitelist
                0x00002dc2       0x16
 i.ll_handle_clear_whitelist
                0x00002dc2       0x16 C:\Program Files (x86)\Cypress\PSoC Creator\3.1\PSoC Creator\psoc\content\cycomponentlibrary\CyComponentLibrary.cylib\BLE_v1_20\Library\gccCyBLEStack_BLE_SOC_PERIPHERAL.a(ll.o)
                0x00002dc2                ll_handle_clear_whitelist

i.ll_handle_encrypt_host_data
                0x00002dd8       0x36
 i.ll_handle_encrypt_host_data
                0x00002dd8       0x36 C:\Program Files (x86)\Cypress\PSoC Creator\3.1\PSoC Creator\psoc\content\cycomponentlibrary\CyComponentLibrary.cylib\BLE_v1_20\Library\gccCyBLEStack_BLE_SOC_PERIPHERAL.a(ll.o)
                0x00002dd8                ll_handle_encrypt_host_data

i.ll_handle_host_data_packet
                0x00002e0e       0x54
 i.ll_handle_host_data_packet
                0x00002e0e       0x54 C:\Program Files (x86)\Cypress\PSoC Creator\3.1\PSoC Creator\psoc\content\cycomponentlibrary\CyComponentLibrary.cylib\BLE_v1_20\Library\gccCyBLEStack_BLE_SOC_PERIPHERAL.a(ll.o)
                0x00002e0e                ll_handle_host_data_packet

i.ll_handle_read_host_channel_map
                0x00002e62        0x4
 i.ll_handle_read_host_channel_map
                0x00002e62        0x4 C:\Program Files (x86)\Cypress\PSoC Creator\3.1\PSoC Creator\psoc\content\cycomponentlibrary\CyComponentLibrary.cylib\BLE_v1_20\Library\gccCyBLEStack_BLE_SOC_PERIPHERAL.a(ll.o)
                0x00002e62                ll_handle_read_host_channel_map

i.ll_handle_remove_device_in_whitelist
                0x00002e66       0x2a
 i.ll_handle_remove_device_in_whitelist
                0x00002e66       0x2a C:\Program Files (x86)\Cypress\PSoC Creator\3.1\PSoC Creator\psoc\content\cycomponentlibrary\CyComponentLibrary.cylib\BLE_v1_20\Library\gccCyBLEStack_BLE_SOC_PERIPHERAL.a(ll.o)
                0x00002e66                ll_handle_remove_device_in_whitelist

i.ll_handle_reset
                0x00002e90        0xe
 i.ll_handle_reset
                0x00002e90        0xe C:\Program Files (x86)\Cypress\PSoC Creator\3.1\PSoC Creator\psoc\content\cycomponentlibrary\CyComponentLibrary.cylib\BLE_v1_20\Library\gccCyBLEStack_BLE_SOC_PERIPHERAL.a(ll.o)
                0x00002e90                ll_handle_reset

i.ll_handle_set_random_address
                0x00002e9e       0x36
 i.ll_handle_set_random_address
                0x00002e9e       0x36 C:\Program Files (x86)\Cypress\PSoC Creator\3.1\PSoC Creator\psoc\content\cycomponentlibrary\CyComponentLibrary.cylib\BLE_v1_20\Library\gccCyBLEStack_BLE_SOC_PERIPHERAL.a(ll.o)
                0x00002e9e                ll_handle_set_random_address

i.ll_init       0x00002ed4       0x18
 i.ll_init      0x00002ed4       0x18 C:\Program Files (x86)\Cypress\PSoC Creator\3.1\PSoC Creator\psoc\content\cycomponentlibrary\CyComponentLibrary.cylib\BLE_v1_20\Library\gccCyBLEStack_BLE_SOC_PERIPHERAL.a(ll.o)
                0x00002ed4                ll_init

i.ll_initialize_device_attributes
                0x00002eec       0x4c
 i.ll_initialize_device_attributes
                0x00002eec       0x4c C:\Program Files (x86)\Cypress\PSoC Creator\3.1\PSoC Creator\psoc\content\cycomponentlibrary\CyComponentLibrary.cylib\BLE_v1_20\Library\gccCyBLEStack_BLE_SOC_PERIPHERAL.a(ll.o)
                0x00002eec                ll_initialize_device_attributes

i.ll_is_pkt_pending
                0x00002f38       0x2a
 i.ll_is_pkt_pending
                0x00002f38       0x2a C:\Program Files (x86)\Cypress\PSoC Creator\3.1\PSoC Creator\psoc\content\cycomponentlibrary\CyComponentLibrary.cylib\BLE_v1_20\Library\gccCyBLEStack_BLE_SOC_PERIPHERAL.a(ll.o)
                0x00002f38                ll_is_pkt_pending

i.ll_is_sent_pkt_pending
                0x00002f62       0x1a
 i.ll_is_sent_pkt_pending
                0x00002f62       0x1a C:\Program Files (x86)\Cypress\PSoC Creator\3.1\PSoC Creator\psoc\content\cycomponentlibrary\CyComponentLibrary.cylib\BLE_v1_20\Library\gccCyBLEStack_BLE_SOC_PERIPHERAL.a(ll.o)
                0x00002f62                ll_is_sent_pkt_pending

i.ll_isr_exit_low_power_mode
                0x00002f7c       0x16
 i.ll_isr_exit_low_power_mode
                0x00002f7c       0x16 C:\Program Files (x86)\Cypress\PSoC Creator\3.1\PSoC Creator\psoc\content\cycomponentlibrary\CyComponentLibrary.cylib\BLE_v1_20\Library\gccCyBLEStack_BLE_SOC_PERIPHERAL.a(ll.o)
                0x00002f7c                ll_isr_exit_low_power_mode

i.ll_load_host_data_packet
                0x00002f92       0x4a
 i.ll_load_host_data_packet
                0x00002f92       0x4a C:\Program Files (x86)\Cypress\PSoC Creator\3.1\PSoC Creator\psoc\content\cycomponentlibrary\CyComponentLibrary.cylib\BLE_v1_20\Library\gccCyBLEStack_BLE_SOC_PERIPHERAL.a(ll.o)
                0x00002f92                ll_load_host_data_packet

i.ll_load_packet_to_fifo
                0x00002fdc       0x6e
 i.ll_load_packet_to_fifo
                0x00002fdc       0x6e C:\Program Files (x86)\Cypress\PSoC Creator\3.1\PSoC Creator\psoc\content\cycomponentlibrary\CyComponentLibrary.cylib\BLE_v1_20\Library\gccCyBLEStack_BLE_SOC_PERIPHERAL.a(ll.o)
                0x00002fdc                ll_load_packet_to_fifo

i.ll_process_acks
                0x0000304a       0x3c
 i.ll_process_acks
                0x0000304a       0x3c C:\Program Files (x86)\Cypress\PSoC Creator\3.1\PSoC Creator\psoc\content\cycomponentlibrary\CyComponentLibrary.cylib\BLE_v1_20\Library\gccCyBLEStack_BLE_SOC_PERIPHERAL.a(ll.o)
                0x0000304a                ll_process_acks

i.ll_reset      0x00003086       0x12
 i.ll_reset     0x00003086       0x12 C:\Program Files (x86)\Cypress\PSoC Creator\3.1\PSoC Creator\psoc\content\cycomponentlibrary\CyComponentLibrary.cylib\BLE_v1_20\Library\gccCyBLEStack_BLE_SOC_PERIPHERAL.a(ll.o)
                0x00003086                ll_reset

i.ll_update_active_features
                0x00003098       0x58
 i.ll_update_active_features
                0x00003098       0x58 C:\Program Files (x86)\Cypress\PSoC Creator\3.1\PSoC Creator\psoc\content\cycomponentlibrary\CyComponentLibrary.cylib\BLE_v1_20\Library\gccCyBLEStack_BLE_SOC_PERIPHERAL.a(ll.o)
                0x00003098                ll_update_active_features

i.ll_update_device_fsm
                0x000030f0        0x8
 i.ll_update_device_fsm
                0x000030f0        0x8 C:\Program Files (x86)\Cypress\PSoC Creator\3.1\PSoC Creator\psoc\content\cycomponentlibrary\CyComponentLibrary.cylib\BLE_v1_20\Library\gccCyBLEStack_BLE_SOC_PERIPHERAL.a(ll.o)
                0x000030f0                ll_update_device_fsm

i.pf_le_start_timer
                0x000030f8       0x16
 i.pf_le_start_timer
                0x000030f8       0x16 C:\Program Files (x86)\Cypress\PSoC Creator\3.1\PSoC Creator\psoc\content\cycomponentlibrary\CyComponentLibrary.cylib\BLE_v1_20\Library\gccCyBLEStack_BLE_SOC_PERIPHERAL.a(ll.o)
                0x000030f8                pf_le_start_timer

i.pf_le_stop_timer
                0x0000310e       0x12
 i.pf_le_stop_timer
                0x0000310e       0x12 C:\Program Files (x86)\Cypress\PSoC Creator\3.1\PSoC Creator\psoc\content\cycomponentlibrary\CyComponentLibrary.cylib\BLE_v1_20\Library\gccCyBLEStack_BLE_SOC_PERIPHERAL.a(ll.o)
                0x0000310e                pf_le_stop_timer

i.CyBleControllerIP_TuneAdvEventInterPktSlots
                0x00003120       0x44
 i.CyBleControllerIP_TuneAdvEventInterPktSlots
                0x00003120       0x44 C:\Program Files (x86)\Cypress\PSoC Creator\3.1\PSoC Creator\psoc\content\cycomponentlibrary\CyComponentLibrary.cylib\BLE_v1_20\Library\gccCyBLEStack_BLE_SOC_PERIPHERAL.a(ll_advertiser.o)
                0x00003120                CyBleControllerIP_TuneAdvEventInterPktSlots

i.ll_adv_is_configured_connection_adv
                0x00003164       0x1e
 i.ll_adv_is_configured_connection_adv
                0x00003164       0x1e C:\Program Files (x86)\Cypress\PSoC Creator\3.1\PSoC Creator\psoc\content\cycomponentlibrary\CyComponentLibrary.cylib\BLE_v1_20\Library\gccCyBLEStack_BLE_SOC_PERIPHERAL.a(ll_advertiser.o)
                0x00003164                ll_adv_is_configured_connection_adv

i.ll_check_random_address_in_use_by_advertiser
                0x00003182       0x10
 i.ll_check_random_address_in_use_by_advertiser
                0x00003182       0x10 C:\Program Files (x86)\Cypress\PSoC Creator\3.1\PSoC Creator\psoc\content\cycomponentlibrary\CyComponentLibrary.cylib\BLE_v1_20\Library\gccCyBLEStack_BLE_SOC_PERIPHERAL.a(ll_advertiser.o)
                0x00003182                ll_check_random_address_in_use_by_advertiser

i.ll_check_whitelist_in_use_by_advertiser
                0x00003192       0x10
 i.ll_check_whitelist_in_use_by_advertiser
                0x00003192       0x10 C:\Program Files (x86)\Cypress\PSoC Creator\3.1\PSoC Creator\psoc\content\cycomponentlibrary\CyComponentLibrary.cylib\BLE_v1_20\Library\gccCyBLEStack_BLE_SOC_PERIPHERAL.a(ll_advertiser.o)
                0x00003192                ll_check_whitelist_in_use_by_advertiser

i.ll_get_adv_status
                0x000031a2        0xc
 i.ll_get_adv_status
                0x000031a2        0xc C:\Program Files (x86)\Cypress\PSoC Creator\3.1\PSoC Creator\psoc\content\cycomponentlibrary\CyComponentLibrary.cylib\BLE_v1_20\Library\gccCyBLEStack_BLE_SOC_PERIPHERAL.a(ll_advertiser.o)
                0x000031a2                ll_get_adv_status

i.ll_get_adv_type
                0x000031ae       0x16
 i.ll_get_adv_type
                0x000031ae       0x16 C:\Program Files (x86)\Cypress\PSoC Creator\3.1\PSoC Creator\psoc\content\cycomponentlibrary\CyComponentLibrary.cylib\BLE_v1_20\Library\gccCyBLEStack_BLE_SOC_PERIPHERAL.a(ll_advertiser.o)
                0x000031ae                ll_get_adv_type

i.ll_handle_adv_intr
                0x000031c4       0x50
 i.ll_handle_adv_intr
                0x000031c4       0x50 C:\Program Files (x86)\Cypress\PSoC Creator\3.1\PSoC Creator\psoc\content\cycomponentlibrary\CyComponentLibrary.cylib\BLE_v1_20\Library\gccCyBLEStack_BLE_SOC_PERIPHERAL.a(ll_advertiser.o)
                0x000031c4                ll_handle_adv_intr

i.ll_handle_set_adv_data
                0x00003214       0x14
 i.ll_handle_set_adv_data
                0x00003214       0x14 C:\Program Files (x86)\Cypress\PSoC Creator\3.1\PSoC Creator\psoc\content\cycomponentlibrary\CyComponentLibrary.cylib\BLE_v1_20\Library\gccCyBLEStack_BLE_SOC_PERIPHERAL.a(ll_advertiser.o)
                0x00003214                ll_handle_set_adv_data

i.ll_handle_set_adv_parameters
                0x00003228       0x84
 i.ll_handle_set_adv_parameters
                0x00003228       0x84 C:\Program Files (x86)\Cypress\PSoC Creator\3.1\PSoC Creator\psoc\content\cycomponentlibrary\CyComponentLibrary.cylib\BLE_v1_20\Library\gccCyBLEStack_BLE_SOC_PERIPHERAL.a(ll_advertiser.o)
                0x00003228                ll_handle_set_adv_parameters

i.ll_handle_set_advertise_enable
                0x000032ac       0x70
 i.ll_handle_set_advertise_enable
                0x000032ac       0x70 C:\Program Files (x86)\Cypress\PSoC Creator\3.1\PSoC Creator\psoc\content\cycomponentlibrary\CyComponentLibrary.cylib\BLE_v1_20\Library\gccCyBLEStack_BLE_SOC_PERIPHERAL.a(ll_advertiser.o)
                0x000032ac                ll_handle_set_advertise_enable

i.ll_handle_set_scan_resp_data
                0x0000331c       0x14
 i.ll_handle_set_scan_resp_data
                0x0000331c       0x14 C:\Program Files (x86)\Cypress\PSoC Creator\3.1\PSoC Creator\psoc\content\cycomponentlibrary\CyComponentLibrary.cylib\BLE_v1_20\Library\gccCyBLEStack_BLE_SOC_PERIPHERAL.a(ll_advertiser.o)
                0x0000331c                ll_handle_set_scan_resp_data

i.ll_init_advertiser
                0x00003330       0x68
 i.ll_init_advertiser
                0x00003330       0x68 C:\Program Files (x86)\Cypress\PSoC Creator\3.1\PSoC Creator\psoc\content\cycomponentlibrary\CyComponentLibrary.cylib\BLE_v1_20\Library\gccCyBLEStack_BLE_SOC_PERIPHERAL.a(ll_advertiser.o)
                0x00003330                ll_init_advertiser

i.is_le_connection_handle
                0x00003398       0x28
 i.is_le_connection_handle
                0x00003398       0x28 C:\Program Files (x86)\Cypress\PSoC Creator\3.1\PSoC Creator\psoc\content\cycomponentlibrary\CyComponentLibrary.cylib\BLE_v1_20\Library\gccCyBLEStack_BLE_SOC_PERIPHERAL.a(ll_connection.o)
                0x00003398                is_le_connection_handle

i.le_assign_connection_handle
                0x000033c0       0x28
 i.le_assign_connection_handle
                0x000033c0       0x28 C:\Program Files (x86)\Cypress\PSoC Creator\3.1\PSoC Creator\psoc\content\cycomponentlibrary\CyComponentLibrary.cylib\BLE_v1_20\Library\gccCyBLEStack_BLE_SOC_PERIPHERAL.a(ll_connection.o)
                0x000033c0                le_assign_connection_handle

i.le_get_connection_index
                0x000033e8        0x6
 i.le_get_connection_index
                0x000033e8        0x6 C:\Program Files (x86)\Cypress\PSoC Creator\3.1\PSoC Creator\psoc\content\cycomponentlibrary\CyComponentLibrary.cylib\BLE_v1_20\Library\gccCyBLEStack_BLE_SOC_PERIPHERAL.a(ll_connection.o)
                0x000033e8                le_get_connection_index

i.ll_allocate_connection
                0x000033f0       0x44
 i.ll_allocate_connection
                0x000033f0       0x44 C:\Program Files (x86)\Cypress\PSoC Creator\3.1\PSoC Creator\psoc\content\cycomponentlibrary\CyComponentLibrary.cylib\BLE_v1_20\Library\gccCyBLEStack_BLE_SOC_PERIPHERAL.a(ll_connection.o)
                0x000033f0                ll_allocate_connection

i.ll_calculate_and_program_def_win_widen_drift
                0x00003434       0x14
 i.ll_calculate_and_program_def_win_widen_drift
                0x00003434       0x14 C:\Program Files (x86)\Cypress\PSoC Creator\3.1\PSoC Creator\psoc\content\cycomponentlibrary\CyComponentLibrary.cylib\BLE_v1_20\Library\gccCyBLEStack_BLE_SOC_PERIPHERAL.a(ll_connection.o)
                0x00003434                ll_calculate_and_program_def_win_widen_drift

i.ll_calculate_drift
                0x00003448       0x2c
 i.ll_calculate_drift
                0x00003448       0x2c C:\Program Files (x86)\Cypress\PSoC Creator\3.1\PSoC Creator\psoc\content\cycomponentlibrary\CyComponentLibrary.cylib\BLE_v1_20\Library\gccCyBLEStack_BLE_SOC_PERIPHERAL.a(ll_connection.o)
                0x00003448                ll_calculate_drift

i.ll_check_and_decrypt_ll_pdu
                0x00003474       0x68
 i.ll_check_and_decrypt_ll_pdu
                0x00003474       0x68 C:\Program Files (x86)\Cypress\PSoC Creator\3.1\PSoC Creator\psoc\content\cycomponentlibrary\CyComponentLibrary.cylib\BLE_v1_20\Library\gccCyBLEStack_BLE_SOC_PERIPHERAL.a(ll_connection.o)
                0x00003474                ll_check_and_decrypt_ll_pdu

i.ll_check_and_decrypt_packet
                0x000034dc       0x6a
 i.ll_check_and_decrypt_packet
                0x000034dc       0x6a C:\Program Files (x86)\Cypress\PSoC Creator\3.1\PSoC Creator\psoc\content\cycomponentlibrary\CyComponentLibrary.cylib\BLE_v1_20\Library\gccCyBLEStack_BLE_SOC_PERIPHERAL.a(ll_connection.o)
                0x000034dc                ll_check_and_decrypt_packet

i.ll_check_and_encrypt_ll_pdu
                0x00003546       0x72
 i.ll_check_and_encrypt_ll_pdu
                0x00003546       0x72 C:\Program Files (x86)\Cypress\PSoC Creator\3.1\PSoC Creator\psoc\content\cycomponentlibrary\CyComponentLibrary.cylib\BLE_v1_20\Library\gccCyBLEStack_BLE_SOC_PERIPHERAL.a(ll_connection.o)
                0x00003546                ll_check_and_encrypt_ll_pdu

i.ll_check_and_encrypt_packet
                0x000035b8       0x8a
 i.ll_check_and_encrypt_packet
                0x000035b8       0x8a C:\Program Files (x86)\Cypress\PSoC Creator\3.1\PSoC Creator\psoc\content\cycomponentlibrary\CyComponentLibrary.cylib\BLE_v1_20\Library\gccCyBLEStack_BLE_SOC_PERIPHERAL.a(ll_connection.o)
                0x000035b8                ll_check_and_encrypt_packet

i.ll_check_for_allowing_incoming_connection_update
                0x00003642       0x42
 i.ll_check_for_allowing_incoming_connection_update
                0x00003642       0x42 C:\Program Files (x86)\Cypress\PSoC Creator\3.1\PSoC Creator\psoc\content\cycomponentlibrary\CyComponentLibrary.cylib\BLE_v1_20\Library\gccCyBLEStack_BLE_SOC_PERIPHERAL.a(ll_connection.o)
                0x00003642                ll_check_for_allowing_incoming_connection_update

i.ll_check_if_pdu_is_loaded_to_hardware
                0x00003684       0x1c
 i.ll_check_if_pdu_is_loaded_to_hardware
                0x00003684       0x1c C:\Program Files (x86)\Cypress\PSoC Creator\3.1\PSoC Creator\psoc\content\cycomponentlibrary\CyComponentLibrary.cylib\BLE_v1_20\Library\gccCyBLEStack_BLE_SOC_PERIPHERAL.a(ll_connection.o)
                0x00003684                ll_check_if_pdu_is_loaded_to_hardware

i.ll_check_random_address_in_use_by_initiator
                0x000036a0       0x30
 i.ll_check_random_address_in_use_by_initiator
                0x000036a0       0x30 C:\Program Files (x86)\Cypress\PSoC Creator\3.1\PSoC Creator\psoc\content\cycomponentlibrary\CyComponentLibrary.cylib\BLE_v1_20\Library\gccCyBLEStack_BLE_SOC_PERIPHERAL.a(ll_connection.o)
                0x000036a0                ll_check_random_address_in_use_by_initiator

i.ll_check_white_list_in_use_by_initiator
                0x000036d0       0x30
 i.ll_check_white_list_in_use_by_initiator
                0x000036d0       0x30 C:\Program Files (x86)\Cypress\PSoC Creator\3.1\PSoC Creator\psoc\content\cycomponentlibrary\CyComponentLibrary.cylib\BLE_v1_20\Library\gccCyBLEStack_BLE_SOC_PERIPHERAL.a(ll_connection.o)
                0x000036d0                ll_check_white_list_in_use_by_initiator

i.ll_conn_free_enc_txn_buffer
                0x00003700       0x16
 i.ll_conn_free_enc_txn_buffer
                0x00003700       0x16 C:\Program Files (x86)\Cypress\PSoC Creator\3.1\PSoC Creator\psoc\content\cycomponentlibrary\CyComponentLibrary.cylib\BLE_v1_20\Library\gccCyBLEStack_BLE_SOC_PERIPHERAL.a(ll_connection.o)
                0x00003700                ll_conn_free_enc_txn_buffer

i.ll_conn_fsm_update_channel_state
                0x00003716        0x6
 i.ll_conn_fsm_update_channel_state
                0x00003716        0x6 C:\Program Files (x86)\Cypress\PSoC Creator\3.1\PSoC Creator\psoc\content\cycomponentlibrary\CyComponentLibrary.cylib\BLE_v1_20\Library\gccCyBLEStack_BLE_SOC_PERIPHERAL.a(ll_connection.o)
                0x00003716                ll_conn_fsm_update_channel_state

i.ll_conn_fsm_update_conn_update_state
                0x0000371c        0x6
 i.ll_conn_fsm_update_conn_update_state
                0x0000371c        0x6 C:\Program Files (x86)\Cypress\PSoC Creator\3.1\PSoC Creator\psoc\content\cycomponentlibrary\CyComponentLibrary.cylib\BLE_v1_20\Library\gccCyBLEStack_BLE_SOC_PERIPHERAL.a(ll_connection.o)
                0x0000371c                ll_conn_fsm_update_conn_update_state

i.ll_conn_fsm_update_enc_state
                0x00003722        0x6
 i.ll_conn_fsm_update_enc_state
                0x00003722        0x6 C:\Program Files (x86)\Cypress\PSoC Creator\3.1\PSoC Creator\psoc\content\cycomponentlibrary\CyComponentLibrary.cylib\BLE_v1_20\Library\gccCyBLEStack_BLE_SOC_PERIPHERAL.a(ll_connection.o)
                0x00003722                ll_conn_fsm_update_enc_state

i.ll_conn_fsm_update_state
                0x00003728        0x4
 i.ll_conn_fsm_update_state
                0x00003728        0x4 C:\Program Files (x86)\Cypress\PSoC Creator\3.1\PSoC Creator\psoc\content\cycomponentlibrary\CyComponentLibrary.cylib\BLE_v1_20\Library\gccCyBLEStack_BLE_SOC_PERIPHERAL.a(ll_connection.o)
                0x00003728                ll_conn_fsm_update_state

i.ll_conn_handle_data_pdu_from_host_when_data_paused
                0x0000372c        0x8
 i.ll_conn_handle_data_pdu_from_host_when_data_paused
                0x0000372c        0x8 C:\Program Files (x86)\Cypress\PSoC Creator\3.1\PSoC Creator\psoc\content\cycomponentlibrary\CyComponentLibrary.cylib\BLE_v1_20\Library\gccCyBLEStack_BLE_SOC_PERIPHERAL.a(ll_connection.o)
                0x0000372c                ll_conn_handle_data_pdu_from_host_when_data_paused

i.ll_conn_handle_direct_adv_timeout
                0x00003734       0x2a
 i.ll_conn_handle_direct_adv_timeout
                0x00003734       0x2a C:\Program Files (x86)\Cypress\PSoC Creator\3.1\PSoC Creator\psoc\content\cycomponentlibrary\CyComponentLibrary.cylib\BLE_v1_20\Library\gccCyBLEStack_BLE_SOC_PERIPHERAL.a(ll_connection.o)
                0x00003734                ll_conn_handle_direct_adv_timeout

i.ll_conn_handle_ping_timer_expired_interrupt
                0x00003760       0x1c
 i.ll_conn_handle_ping_timer_expired_interrupt
                0x00003760       0x1c C:\Program Files (x86)\Cypress\PSoC Creator\3.1\PSoC Creator\psoc\content\cycomponentlibrary\CyComponentLibrary.cylib\BLE_v1_20\Library\gccCyBLEStack_BLE_SOC_PERIPHERAL.a(ll_connection.o)
                0x00003760                ll_conn_handle_ping_timer_expired_interrupt

i.ll_conn_handle_ping_timer_nearly_expired_interrupt
                0x0000377c       0x20
 i.ll_conn_handle_ping_timer_nearly_expired_interrupt
                0x0000377c       0x20 C:\Program Files (x86)\Cypress\PSoC Creator\3.1\PSoC Creator\psoc\content\cycomponentlibrary\CyComponentLibrary.cylib\BLE_v1_20\Library\gccCyBLEStack_BLE_SOC_PERIPHERAL.a(ll_connection.o)
                0x0000377c                ll_conn_handle_ping_timer_nearly_expired_interrupt

i.ll_conn_handle_stop_connectable_adv
                0x0000379c       0x12
 i.ll_conn_handle_stop_connectable_adv
                0x0000379c       0x12 C:\Program Files (x86)\Cypress\PSoC Creator\3.1\PSoC Creator\psoc\content\cycomponentlibrary\CyComponentLibrary.cylib\BLE_v1_20\Library\gccCyBLEStack_BLE_SOC_PERIPHERAL.a(ll_connection.o)
                0x0000379c                ll_conn_handle_stop_connectable_adv

i.ll_conn_process_pending_transactions
                0x000037ae        0x4
 i.ll_conn_process_pending_transactions
                0x000037ae        0x4 C:\Program Files (x86)\Cypress\PSoC Creator\3.1\PSoC Creator\psoc\content\cycomponentlibrary\CyComponentLibrary.cylib\BLE_v1_20\Library\gccCyBLEStack_BLE_SOC_PERIPHERAL.a(ll_connection.o)
                0x000037ae                ll_conn_process_pending_transactions

i.ll_conn_program_authenticated_payload_timer
                0x000037b4       0x50
 i.ll_conn_program_authenticated_payload_timer
                0x000037b4       0x50 C:\Program Files (x86)\Cypress\PSoC Creator\3.1\PSoC Creator\psoc\content\cycomponentlibrary\CyComponentLibrary.cylib\BLE_v1_20\Library\gccCyBLEStack_BLE_SOC_PERIPHERAL.a(ll_connection.o)
                0x000037b4                ll_conn_program_authenticated_payload_timer

i.ll_conn_read_data_pdu_from_hardware
                0x00003804       0x14
 i.ll_conn_read_data_pdu_from_hardware
                0x00003804       0x14 C:\Program Files (x86)\Cypress\PSoC Creator\3.1\PSoC Creator\psoc\content\cycomponentlibrary\CyComponentLibrary.cylib\BLE_v1_20\Library\gccCyBLEStack_BLE_SOC_PERIPHERAL.a(ll_connection.o)
                0x00003804                ll_conn_read_data_pdu_from_hardware

i.ll_conn_send_ping_req_pdu
                0x00003818       0x40
 i.ll_conn_send_ping_req_pdu
                0x00003818       0x40 C:\Program Files (x86)\Cypress\PSoC Creator\3.1\PSoC Creator\psoc\content\cycomponentlibrary\CyComponentLibrary.cylib\BLE_v1_20\Library\gccCyBLEStack_BLE_SOC_PERIPHERAL.a(ll_connection.o)
                0x00003818                ll_conn_send_ping_req_pdu

i.ll_conn_store_pending_tx_pdu
                0x00003858       0x1a
 i.ll_conn_store_pending_tx_pdu
                0x00003858       0x1a C:\Program Files (x86)\Cypress\PSoC Creator\3.1\PSoC Creator\psoc\content\cycomponentlibrary\CyComponentLibrary.cylib\BLE_v1_20\Library\gccCyBLEStack_BLE_SOC_PERIPHERAL.a(ll_connection.o)
                0x00003858                ll_conn_store_pending_tx_pdu

i.ll_conn_update_rssi
                0x00003872       0x16
 i.ll_conn_update_rssi
                0x00003872       0x16 C:\Program Files (x86)\Cypress\PSoC Creator\3.1\PSoC Creator\psoc\content\cycomponentlibrary\CyComponentLibrary.cylib\BLE_v1_20\Library\gccCyBLEStack_BLE_SOC_PERIPHERAL.a(ll_connection.o)
                0x00003872                ll_conn_update_rssi

i.ll_convert_hci_llid_to_ll_llid_host_to_controller
                0x00003888        0x8
 i.ll_convert_hci_llid_to_ll_llid_host_to_controller
                0x00003888        0x8 C:\Program Files (x86)\Cypress\PSoC Creator\3.1\PSoC Creator\psoc\content\cycomponentlibrary\CyComponentLibrary.cylib\BLE_v1_20\Library\gccCyBLEStack_BLE_SOC_PERIPHERAL.a(ll_connection.o)
                0x00003888                ll_convert_hci_llid_to_ll_llid_host_to_controller

i.ll_convert_ll_llid_to_hci_llid_controller_to_host
                0x00003890        0x2
 i.ll_convert_ll_llid_to_hci_llid_controller_to_host
                0x00003890        0x2 C:\Program Files (x86)\Cypress\PSoC Creator\3.1\PSoC Creator\psoc\content\cycomponentlibrary\CyComponentLibrary.cylib\BLE_v1_20\Library\gccCyBLEStack_BLE_SOC_PERIPHERAL.a(ll_connection.o)
                0x00003890                ll_convert_ll_llid_to_hci_llid_controller_to_host

i.ll_decode_and_program_connect_req
                0x00003894       0xec
 i.ll_decode_and_program_connect_req
                0x00003894       0xec C:\Program Files (x86)\Cypress\PSoC Creator\3.1\PSoC Creator\psoc\content\cycomponentlibrary\CyComponentLibrary.cylib\BLE_v1_20\Library\gccCyBLEStack_BLE_SOC_PERIPHERAL.a(ll_connection.o)
                0x00003894                ll_decode_and_program_connect_req

i.ll_enc_fsm_derive_session_key
                0x00003980       0x46
 i.ll_enc_fsm_derive_session_key
                0x00003980       0x46 C:\Program Files (x86)\Cypress\PSoC Creator\3.1\PSoC Creator\psoc\content\cycomponentlibrary\CyComponentLibrary.cylib\BLE_v1_20\Library\gccCyBLEStack_BLE_SOC_PERIPHERAL.a(ll_connection.o)
                0x00003980                ll_enc_fsm_derive_session_key

i.ll_enc_handle_enc_complete
                0x000039c6       0x68
 i.ll_enc_handle_enc_complete
                0x000039c6       0x68 C:\Program Files (x86)\Cypress\PSoC Creator\3.1\PSoC Creator\psoc\content\cycomponentlibrary\CyComponentLibrary.cylib\BLE_v1_20\Library\gccCyBLEStack_BLE_SOC_PERIPHERAL.a(ll_connection.o)
                0x000039c6                ll_enc_handle_enc_complete

i.ll_enc_handle_enc_failure
                0x00003a30       0xa4
 i.ll_enc_handle_enc_failure
                0x00003a30       0xa4 C:\Program Files (x86)\Cypress\PSoC Creator\3.1\PSoC Creator\psoc\content\cycomponentlibrary\CyComponentLibrary.cylib\BLE_v1_20\Library\gccCyBLEStack_BLE_SOC_PERIPHERAL.a(ll_connection.o)
                0x00003a30                ll_enc_handle_enc_failure

i.ll_enc_handle_ll_reject_pdu_cb
                0x00003ad4       0x24
 i.ll_enc_handle_ll_reject_pdu_cb
                0x00003ad4       0x24 C:\Program Files (x86)\Cypress\PSoC Creator\3.1\PSoC Creator\psoc\content\cycomponentlibrary\CyComponentLibrary.cylib\BLE_v1_20\Library\gccCyBLEStack_BLE_SOC_PERIPHERAL.a(ll_connection.o)
                0x00003ad4                ll_enc_handle_ll_reject_pdu_cb

i.ll_enc_handle_ll_terminate_pdu
                0x00003af8       0x16
 i.ll_enc_handle_ll_terminate_pdu
                0x00003af8       0x16 C:\Program Files (x86)\Cypress\PSoC Creator\3.1\PSoC Creator\psoc\content\cycomponentlibrary\CyComponentLibrary.cylib\BLE_v1_20\Library\gccCyBLEStack_BLE_SOC_PERIPHERAL.a(ll_connection.o)
                0x00003af8                ll_enc_handle_ll_terminate_pdu

i.ll_enc_handle_ll_unknown_resp_pdu_cb
                0x00003b0e       0x24
 i.ll_enc_handle_ll_unknown_resp_pdu_cb
                0x00003b0e       0x24 C:\Program Files (x86)\Cypress\PSoC Creator\3.1\PSoC Creator\psoc\content\cycomponentlibrary\CyComponentLibrary.cylib\BLE_v1_20\Library\gccCyBLEStack_BLE_SOC_PERIPHERAL.a(ll_connection.o)
                0x00003b0e                ll_enc_handle_ll_unknown_resp_pdu_cb

i.ll_enc_handle_slave_await_to_start_cb
                0x00003b34       0x80
 i.ll_enc_handle_slave_await_to_start_cb
                0x00003b34       0x80 C:\Program Files (x86)\Cypress\PSoC Creator\3.1\PSoC Creator\psoc\content\cycomponentlibrary\CyComponentLibrary.cylib\BLE_v1_20\Library\gccCyBLEStack_BLE_SOC_PERIPHERAL.a(ll_connection.o)
                0x00003b34                ll_enc_handle_slave_await_to_start_cb

i.ll_enc_handle_slave_enc_resp_ack_cb
                0x00003bb4       0x28
 i.ll_enc_handle_slave_enc_resp_ack_cb
                0x00003bb4       0x28 C:\Program Files (x86)\Cypress\PSoC Creator\3.1\PSoC Creator\psoc\content\cycomponentlibrary\CyComponentLibrary.cylib\BLE_v1_20\Library\gccCyBLEStack_BLE_SOC_PERIPHERAL.a(ll_connection.o)
                0x00003bb4                ll_enc_handle_slave_enc_resp_ack_cb

i.ll_enc_handle_slave_ltk_neg_reply_cb
                0x00003bdc       0x60
 i.ll_enc_handle_slave_ltk_neg_reply_cb
                0x00003bdc       0x60 C:\Program Files (x86)\Cypress\PSoC Creator\3.1\PSoC Creator\psoc\content\cycomponentlibrary\CyComponentLibrary.cylib\BLE_v1_20\Library\gccCyBLEStack_BLE_SOC_PERIPHERAL.a(ll_connection.o)
                0x00003bdc                ll_enc_handle_slave_ltk_neg_reply_cb

i.ll_enc_handle_slave_pause_enc_req_cb
                0x00003c3c       0x46
 i.ll_enc_handle_slave_pause_enc_req_cb
                0x00003c3c       0x46 C:\Program Files (x86)\Cypress\PSoC Creator\3.1\PSoC Creator\psoc\content\cycomponentlibrary\CyComponentLibrary.cylib\BLE_v1_20\Library\gccCyBLEStack_BLE_SOC_PERIPHERAL.a(ll_connection.o)
                0x00003c3c                ll_enc_handle_slave_pause_enc_req_cb

i.ll_enc_handle_slave_pause_enc_resp_cb
                0x00003c82       0x10
 i.ll_enc_handle_slave_pause_enc_resp_cb
                0x00003c82       0x10 C:\Program Files (x86)\Cypress\PSoC Creator\3.1\PSoC Creator\psoc\content\cycomponentlibrary\CyComponentLibrary.cylib\BLE_v1_20\Library\gccCyBLEStack_BLE_SOC_PERIPHERAL.a(ll_connection.o)
                0x00003c82                ll_enc_handle_slave_pause_enc_resp_cb

i.ll_enc_handle_slave_reject_ind_ack_cb
                0x00003c92       0x22
 i.ll_enc_handle_slave_reject_ind_ack_cb
                0x00003c92       0x22 C:\Program Files (x86)\Cypress\PSoC Creator\3.1\PSoC Creator\psoc\content\cycomponentlibrary\CyComponentLibrary.cylib\BLE_v1_20\Library\gccCyBLEStack_BLE_SOC_PERIPHERAL.a(ll_connection.o)
                0x00003c92                ll_enc_handle_slave_reject_ind_ack_cb

i.ll_enc_handle_slave_start_enc_resp_ack_cb
                0x00003cb4        0x8
 i.ll_enc_handle_slave_start_enc_resp_ack_cb
                0x00003cb4        0x8 C:\Program Files (x86)\Cypress\PSoC Creator\3.1\PSoC Creator\psoc\content\cycomponentlibrary\CyComponentLibrary.cylib\BLE_v1_20\Library\gccCyBLEStack_BLE_SOC_PERIPHERAL.a(ll_connection.o)
                0x00003cb4                ll_enc_handle_slave_start_enc_resp_ack_cb

i.ll_enc_handle_slave_start_enc_resp_cb
                0x00003cbc       0x34
 i.ll_enc_handle_slave_start_enc_resp_cb
                0x00003cbc       0x34 C:\Program Files (x86)\Cypress\PSoC Creator\3.1\PSoC Creator\psoc\content\cycomponentlibrary\CyComponentLibrary.cylib\BLE_v1_20\Library\gccCyBLEStack_BLE_SOC_PERIPHERAL.a(ll_connection.o)
                0x00003cbc                ll_enc_handle_slave_start_enc_resp_cb

i.ll_enc_send_start_encryption_request
                0x00003cf0       0x38
 i.ll_enc_send_start_encryption_request
                0x00003cf0       0x38 C:\Program Files (x86)\Cypress\PSoC Creator\3.1\PSoC Creator\psoc\content\cycomponentlibrary\CyComponentLibrary.cylib\BLE_v1_20\Library\gccCyBLEStack_BLE_SOC_PERIPHERAL.a(ll_connection.o)
                0x00003cf0                ll_enc_send_start_encryption_request

i.ll_extract_pdu_opcode
                0x00003d28        0x4
 i.ll_extract_pdu_opcode
                0x00003d28        0x4 C:\Program Files (x86)\Cypress\PSoC Creator\3.1\PSoC Creator\psoc\content\cycomponentlibrary\CyComponentLibrary.cylib\BLE_v1_20\Library\gccCyBLEStack_BLE_SOC_PERIPHERAL.a(ll_connection.o)
                0x00003d28                ll_extract_pdu_opcode

i.ll_fsm_handle_conn_established_ind
                0x00003d2c       0x7c
 i.ll_fsm_handle_conn_established_ind
                0x00003d2c       0x7c C:\Program Files (x86)\Cypress\PSoC Creator\3.1\PSoC Creator\psoc\content\cycomponentlibrary\CyComponentLibrary.cylib\BLE_v1_20\Library\gccCyBLEStack_BLE_SOC_PERIPHERAL.a(ll_connection.o)
                0x00003d2c                ll_fsm_handle_conn_established_ind

i.ll_fsm_handle_conn_failure_ind
                0x00003da8        0xc
 i.ll_fsm_handle_conn_failure_ind
                0x00003da8        0xc C:\Program Files (x86)\Cypress\PSoC Creator\3.1\PSoC Creator\psoc\content\cycomponentlibrary\CyComponentLibrary.cylib\BLE_v1_20\Library\gccCyBLEStack_BLE_SOC_PERIPHERAL.a(ll_connection.o)
                0x00003da8                ll_fsm_handle_conn_failure_ind

i.ll_fsm_handle_disconnecting_state
                0x00003db4       0x16
 i.ll_fsm_handle_disconnecting_state
                0x00003db4       0x16 C:\Program Files (x86)\Cypress\PSoC Creator\3.1\PSoC Creator\psoc\content\cycomponentlibrary\CyComponentLibrary.cylib\BLE_v1_20\Library\gccCyBLEStack_BLE_SOC_PERIPHERAL.a(ll_connection.o)
                0x00003db4                ll_fsm_handle_disconnecting_state

i.ll_fsm_handle_end_of_conn_interval
                0x00003dcc       0x30
 i.ll_fsm_handle_end_of_conn_interval
                0x00003dcc       0x30 C:\Program Files (x86)\Cypress\PSoC Creator\3.1\PSoC Creator\psoc\content\cycomponentlibrary\CyComponentLibrary.cylib\BLE_v1_20\Library\gccCyBLEStack_BLE_SOC_PERIPHERAL.a(ll_connection.o)
                0x00003dcc                ll_fsm_handle_end_of_conn_interval

i.ll_fsm_handle_pdu_response_timeout
                0x00003dfc       0x20
 i.ll_fsm_handle_pdu_response_timeout
                0x00003dfc       0x20 C:\Program Files (x86)\Cypress\PSoC Creator\3.1\PSoC Creator\psoc\content\cycomponentlibrary\CyComponentLibrary.cylib\BLE_v1_20\Library\gccCyBLEStack_BLE_SOC_PERIPHERAL.a(ll_connection.o)
                0x00003dfc                ll_fsm_handle_pdu_response_timeout

i.ll_fsm_handle_sup_timeout_ind
                0x00003e1c       0x22
 i.ll_fsm_handle_sup_timeout_ind
                0x00003e1c       0x22 C:\Program Files (x86)\Cypress\PSoC Creator\3.1\PSoC Creator\psoc\content\cycomponentlibrary\CyComponentLibrary.cylib\BLE_v1_20\Library\gccCyBLEStack_BLE_SOC_PERIPHERAL.a(ll_connection.o)
                0x00003e1c                ll_fsm_handle_sup_timeout_ind

i.ll_fsm_move_to_disconnected_state
                0x00003e3e       0x94
 i.ll_fsm_move_to_disconnected_state
                0x00003e3e       0x94 C:\Program Files (x86)\Cypress\PSoC Creator\3.1\PSoC Creator\psoc\content\cycomponentlibrary\CyComponentLibrary.cylib\BLE_v1_20\Library\gccCyBLEStack_BLE_SOC_PERIPHERAL.a(ll_connection.o)